Archive member included to satisfy reference by file (symbol)

.\CortexM3\ARM_GCC_541\Debug\FIORANI_GARGIULO_IANNUZZI_Project.a(UART.o)
                              .\CortexM3\ARM_GCC_541\Debug\main.o (UART_Start)
.\CortexM3\ARM_GCC_541\Debug\FIORANI_GARGIULO_IANNUZZI_Project.a(SPIM_1.o)
                              .\CortexM3\ARM_GCC_541\Debug\SPI_Interface.o (SPIM_1_ReadTxStatus)
.\CortexM3\ARM_GCC_541\Debug\FIORANI_GARGIULO_IANNUZZI_Project.a(SPIM_1_INT.o)
                              .\CortexM3\ARM_GCC_541\Debug\FIORANI_GARGIULO_IANNUZZI_Project.a(SPIM_1.o) (SPIM_1_TX_ISR)
.\CortexM3\ARM_GCC_541\Debug\FIORANI_GARGIULO_IANNUZZI_Project.a(CS_2.o)
                              .\CortexM3\ARM_GCC_541\Debug\SPI_Interface.o (CS_2_Write)
.\CortexM3\ARM_GCC_541\Debug\FIORANI_GARGIULO_IANNUZZI_Project.a(CS_1.o)
                              .\CortexM3\ARM_GCC_541\Debug\SPI_Interface.o (CS_1_Write)
.\CortexM3\ARM_GCC_541\Debug\FIORANI_GARGIULO_IANNUZZI_Project.a(ADC_DelSig.o)
                              .\CortexM3\ARM_GCC_541\Debug\InterruptRoutines.o (ADC_DelSig_Read32)
.\CortexM3\ARM_GCC_541\Debug\FIORANI_GARGIULO_IANNUZZI_Project.a(ADC_DelSig_INT.o)
                              .\CortexM3\ARM_GCC_541\Debug\FIORANI_GARGIULO_IANNUZZI_Project.a(ADC_DelSig.o) (ADC_DelSig_ISR1)
.\CortexM3\ARM_GCC_541\Debug\FIORANI_GARGIULO_IANNUZZI_Project.a(Timer.o)
                              .\CortexM3\ARM_GCC_541\Debug\InterruptRoutines.o (Timer_ReadStatusRegister)
.\CortexM3\ARM_GCC_541\Debug\FIORANI_GARGIULO_IANNUZZI_Project.a(SPIM_2.o)
                              .\CortexM3\ARM_GCC_541\Debug\SPI_Interface.o (SPIM_2_ReadTxStatus)
.\CortexM3\ARM_GCC_541\Debug\FIORANI_GARGIULO_IANNUZZI_Project.a(SPIM_2_INT.o)
                              .\CortexM3\ARM_GCC_541\Debug\FIORANI_GARGIULO_IANNUZZI_Project.a(SPIM_2.o) (SPIM_2_TX_ISR)
.\CortexM3\ARM_GCC_541\Debug\FIORANI_GARGIULO_IANNUZZI_Project.a(INT_1.o)
                              .\CortexM3\ARM_GCC_541\Debug\main.o (INT_1_Read)
.\CortexM3\ARM_GCC_541\Debug\FIORANI_GARGIULO_IANNUZZI_Project.a(UART_IntClock.o)
                              .\CortexM3\ARM_GCC_541\Debug\FIORANI_GARGIULO_IANNUZZI_Project.a(UART.o) (UART_IntClock_Start)
.\CortexM3\ARM_GCC_541\Debug\FIORANI_GARGIULO_IANNUZZI_Project.a(SPIM_1_IntClock.o)
                              .\CortexM3\ARM_GCC_541\Debug\FIORANI_GARGIULO_IANNUZZI_Project.a(SPIM_1.o) (SPIM_1_IntClock_Start)
.\CortexM3\ARM_GCC_541\Debug\FIORANI_GARGIULO_IANNUZZI_Project.a(ADC_DelSig_AMux.o)
                              .\CortexM3\ARM_GCC_541\Debug\FIORANI_GARGIULO_IANNUZZI_Project.a(ADC_DelSig.o) (ADC_DelSig_AMux_Select)
.\CortexM3\ARM_GCC_541\Debug\FIORANI_GARGIULO_IANNUZZI_Project.a(ADC_DelSig_Ext_CP_Clk.o)
                              .\CortexM3\ARM_GCC_541\Debug\FIORANI_GARGIULO_IANNUZZI_Project.a(ADC_DelSig.o) (ADC_DelSig_Ext_CP_Clk_SetModeRegister)
.\CortexM3\ARM_GCC_541\Debug\FIORANI_GARGIULO_IANNUZZI_Project.a(ADC_DelSig_theACLK.o)
                              .\CortexM3\ARM_GCC_541\Debug\FIORANI_GARGIULO_IANNUZZI_Project.a(ADC_DelSig.o) (ADC_DelSig_theACLK_SetModeRegister)
.\CortexM3\ARM_GCC_541\Debug\FIORANI_GARGIULO_IANNUZZI_Project.a(SPIM_2_IntClock.o)
                              .\CortexM3\ARM_GCC_541\Debug\FIORANI_GARGIULO_IANNUZZI_Project.a(SPIM_2.o) (SPIM_2_IntClock_Start)
.\CortexM3\ARM_GCC_541\Debug\FIORANI_GARGIULO_IANNUZZI_Project.a(CyLib.o)
                              .\CortexM3\ARM_GCC_541\Debug\Cm3Start.o (CyHalt)
.\CortexM3\ARM_GCC_541\Debug\FIORANI_GARGIULO_IANNUZZI_Project.a(cyPm.o)
                              .\CortexM3\ARM_GCC_541\Debug\FIORANI_GARGIULO_IANNUZZI_Project.a(CyLib.o) (CyPmReadStatus)
.\CortexM3\ARM_GCC_541\Debug\FIORANI_GARGIULO_IANNUZZI_Project.a(CyBootAsmGnu.o)
                              .\CortexM3\ARM_GCC_541\Debug\cyfitter_cfg.o (CyDelayCycles)
.\CortexM3\ARM_GCC_541\Debug\FIORANI_GARGIULO_IANNUZZI_Project.a(CyFlash.o)
                              .\CortexM3\ARM_GCC_541\Debug\FIORANI_GARGIULO_IANNUZZI_Project.a(cyPm.o) (CyFlash_SetWaitCycles)
.\CortexM3\ARM_GCC_541\Debug\FIORANI_GARGIULO_IANNUZZI_Project.a(CySpc.o)
                              .\CortexM3\ARM_GCC_541\Debug\FIORANI_GARGIULO_IANNUZZI_Project.a(CyFlash.o) (CySpcStart)
c:/program files (x86)/cypress/psoc creator/4.3/psoc creator/import/gnu/arm/5.4.1/bin/../lib/gcc/arm-none-eabi/5.4.1/armv7-m\libgcc.a(_arm_addsubdf3.o)
                              .\CortexM3\ARM_GCC_541\Debug\FIORANI_GARGIULO_IANNUZZI_Project.a(ADC_DelSig.o) (__aeabi_f2d)
c:/program files (x86)/cypress/psoc creator/4.3/psoc creator/import/gnu/arm/5.4.1/bin/../lib/gcc/arm-none-eabi/5.4.1/armv7-m\libgcc.a(_arm_cmpdf2.o)
                              .\CortexM3\ARM_GCC_541\Debug\FIORANI_GARGIULO_IANNUZZI_Project.a(ADC_DelSig.o) (__aeabi_dcmpgt)
c:/program files (x86)/cypress/psoc creator/4.3/psoc creator/import/gnu/arm/5.4.1/bin/../lib/gcc/arm-none-eabi/5.4.1/armv7-m\libgcc.a(_arm_addsubsf3.o)
[...]
Memory Configuration

Name             Origin             Length             Attributes
rom              0x00000000         0x00040000         xr
ram              0x1fff8000         0x00010000         xrw
*default*        0x00000000         0xffffffff

Linker script and memory map

LOAD c:/program files (x86)/cypress/psoc creator/4.3/psoc creator/import/gnu/arm/5.4.1/bin/../lib/gcc/arm-none-eabi/5.4.1/armv7-m/crti.o
LOAD c:/program files (x86)/cypress/psoc creator/4.3/psoc creator/import/gnu/arm/5.4.1/bin/../lib/gcc/arm-none-eabi/5.4.1/armv7-m/crtbegin.o
LOAD c:/program files (x86)/cypress/psoc creator/4.3/psoc creator/import/gnu/arm/5.4.1/bin/../lib/gcc/arm-none-eabi/5.4.1/../../../../arm-none-eabi/lib/armv7-m/crt0.o
START GROUP
LOAD .\CortexM3\ARM_GCC_541\Debug\Menu_Functions.o
LOAD .\CortexM3\ARM_GCC_541\Debug\InterruptRoutines.o
LOAD .\CortexM3\ARM_GCC_541\Debug\LIS3DH.o
LOAD .\CortexM3\ARM_GCC_541\Debug\SPI_Interface.o
LOAD .\CortexM3\ARM_GCC_541\Debug\25LC256.o
LOAD .\CortexM3\ARM_GCC_541\Debug\main.o
LOAD .\CortexM3\ARM_GCC_541\Debug\cyfitter_cfg.o
LOAD .\CortexM3\ARM_GCC_541\Debug\cymetadata.o
LOAD .\CortexM3\ARM_GCC_541\Debug\Cm3Start.o
LOAD .\CortexM3\ARM_GCC_541\Debug\FIORANI_GARGIULO_IANNUZZI_Project.a
LOAD C:\Program Files (x86)\Cypress\PSoC Creator\4.3\PSoC Creator\psoc\content\cycomponentlibrary\CyComponentLibrary.cylib\CortexM3\ARM_GCC_541\Debug\CyComponentLibrary.a
END GROUP
START GROUP
LOAD c:/program files (x86)/cypress/psoc creator/4.3/psoc creator/import/gnu/arm/5.4.1/bin/../lib/gcc/arm-none-eabi/5.4.1/armv7-m\libgcc.a
LOAD c:/program files (x86)/cypress/psoc creator/4.3/psoc creator/import/gnu/arm/5.4.1/bin/../lib/gcc/arm-none-eabi/5.4.1/../../../../arm-none-eabi/lib/armv7-m\libg_nano.a
LOAD c:/program files (x86)/cypress/psoc creator/4.3/psoc creator/import/gnu/arm/5.4.1/bin/../lib/gcc/arm-none-eabi/5.4.1/../../../../arm-none-eabi/lib/armv7-m\libc_nano.a
END GROUP
START GROUP
LOAD c:/program files (x86)/cypress/psoc creator/4.3/psoc creator/import/gnu/arm/5.4.1/bin/../lib/gcc/arm-none-eabi/5.4.1/armv7-m\libgcc.a
LOAD c:/program files (x86)/cypress/psoc creator/4.3/psoc creator/import/gnu/arm/5.4.1/bin/../lib/gcc/arm-none-eabi/5.4.1/../../../../arm-none-eabi/lib/armv7-m\libc_nano.a
END GROUP
LOAD c:/program files (x86)/cypress/psoc creator/4.3/psoc creator/import/gnu/arm/5.4.1/bin/../lib/gcc/arm-none-eabi/5.4.1/armv7-m/crtend.o
LOAD c:/program files (x86)/cypress/psoc creator/4.3/psoc creator/import/gnu/arm/5.4.1/bin/../lib/gcc/arm-none-eabi/5.4.1/armv7-m/crtn.o
START GROUP
LOAD c:/program files (x86)/cypress/psoc creator/4.3/psoc creator/import/gnu/arm/5.4.1/bin/../lib/gcc/arm-none-eabi/5.4.1/armv7-m\libgcc.a
LOAD c:/program files (x86)/cypress/psoc creator/4.3/psoc creator/import/gnu/arm/5.4.1/bin/../lib/gcc/arm-none-eabi/5.4.1/../../../../arm-none-eabi/lib/armv7-m\libc.a
LOAD c:/program files (x86)/cypress/psoc creator/4.3/psoc creator/import/gnu/arm/5.4.1/bin/../lib/gcc/arm-none-eabi/5.4.1/../../../../arm-none-eabi/lib/armv7-m\libnosys.a
END GROUP
                0x00000000                CY_APPL_ORIGIN = 0x0
                0x00000100                CY_FLASH_ROW_SIZE = 0x100
                0x00000020                CY_ECC_ROW_SIZE = 0x20
                0x00000000                CY_EE_IN_BTLDR = 0x0
                0x00000000                CY_APPL_LOADABLE = 0x0
                0x00000800                CY_EE_SIZE = 0x800
                0x00000001                CY_APPL_NUM = 0x1
                0x00000001                CY_APPL_MAX = 0x1
                0x00000040                CY_METADATA_SIZE = 0x40
                0x00000000                CY_APPL_LOADABLE = 0x0
                0x00000000                CY_CHECKSUM_EXCLUDE_SIZE = ALIGN (0x0, CY_FLASH_ROW_SIZE)
                [!provide]                PROVIDE (__cy_heap_start, _end)
                0x00000001                PROVIDE (__cy_region_num, ((__cy_regions_end - __cy_regions) / 0x10))
                0x20008000                PROVIDE (__cy_stack, (ORIGIN (ram) + LENGTH (ram)))
                [!provide]                PROVIDE (__cy_heap_end, (__cy_stack - 0x800))

.cybootloader   0x00000000        0x0
 *(.cybootloader)
                0x00000000                appl1_start = CY_APPL_ORIGIN?CY_APPL_ORIGIN:ALIGN (CY_FLASH_ROW_SIZE)
                0x0001ff00                appl2_start = (appl1_start + ALIGN ((((LENGTH (rom) - appl1_start) - (0x2 * CY_FLASH_ROW_SIZE)) / 0x2), CY_FLASH_ROW_SIZE))
                0x00000000                appl_start = (CY_APPL_NUM == 0x1)?appl1_start:appl2_start
                0x00000000                ecc_offset = ((appl_start / CY_FLASH_ROW_SIZE) * CY_ECC_ROW_SIZE)
                0x00000000                ee_offset = (CY_APPL_LOADABLE && ! (CY_EE_IN_BTLDR))?((CY_EE_SIZE / CY_APPL_MAX) * (CY_APPL_NUM - 0x1)):0x0
                0x00000800                ee_size = (CY_APPL_LOADABLE && ! (CY_EE_IN_BTLDR))?(CY_EE_SIZE / CY_APPL_MAX):CY_EE_SIZE
                [!provide]                PROVIDE (CY_ECC_OFFSET, ecc_offset)

.text           0x00000000     0x1da0
 CREATE_OBJECT_SYMBOLS
                0x00000000                PROVIDE (__cy_interrupt_vector, RomVectors)
 *(.romvectors)
 .romvectors    0x00000000       0x10 .\CortexM3\ARM_GCC_541\Debug\Cm3Start.o
                0x00000000                RomVectors
                0x00000001                ASSERT ((. != __cy_interrupt_vector), No interrupt vector)
                0x00000001                ASSERT (CY_APPL_ORIGIN?(SIZEOF (.cybootloader) <= CY_APPL_ORIGIN):0x1, Wrong image location)
                0x00000010                PROVIDE (__cy_reset, Reset)
 *(.text.Reset)
 .text.Reset    0x00000010       0x18 .\CortexM3\ARM_GCC_541\Debug\Cm3Start.o
                0x00000010                Reset
                0x00000001                ASSERT ((. != __cy_reset), No reset code)
 *(.dma_init)
                0x00000001                ASSERT ((((appl_start + .) <= 0x10000) || 0x1), DMA Init must be within the first 64k of flash)
 *(.text .text.* .gnu.linkonce.t.*)
 .text          0x00000028       0x5c c:/program files (x86)/cypress/psoc creator/4.3/psoc creator/import/gnu/arm/5.4.1/bin/../lib/gcc/arm-none-eabi/5.4.1/armv7-m/crtbegin.o
 .text.ACC_readByte
                0x00000084       0x28 .\CortexM3\ARM_GCC_541\Debug\LIS3DH.o
                0x00000084                ACC_readByte
 .text.ACC_writeByte
                0x000000ac       0x24 .\CortexM3\ARM_GCC_541\Debug\LIS3DH.o
                0x000000ac                ACC_writeByte
 .text.ACC_readMultibytes
                0x000000d0       0x20 .\CortexM3\ARM_GCC_541\Debug\LIS3DH.o
                0x000000d0                ACC_readMultibytes
 .text.SPI_Interface_tradeByte
                0x000000f0       0x2c .\CortexM3\ARM_GCC_541\Debug\SPI_Interface.o
                0x000000f0                SPI_Interface_tradeByte
 .text.SPI_Interface_ReadByte
                0x0000011c       0x34 .\CortexM3\ARM_GCC_541\Debug\SPI_Interface.o
                0x0000011c                SPI_Interface_ReadByte
 .text.SPI_Interface_Multi_RW
                0x00000150       0xb8 .\CortexM3\ARM_GCC_541\Debug\SPI_Interface.o
                0x00000150                SPI_Interface_Multi_RW
 .text.ACC_SPI_Interface_Multi_RW
                0x00000208       0xb8 .\CortexM3\ARM_GCC_541\Debug\SPI_Interface.o
                0x00000208                ACC_SPI_Interface_Multi_RW
 .text.EEPROM_readStatus
                0x000002c0        0xc .\CortexM3\ARM_GCC_541\Debug\25LC256.o
                0x000002c0                EEPROM_readStatus
 .text.EEPROM_writeEnable
                0x000002cc        0xc .\CortexM3\ARM_GCC_541\Debug\25LC256.o
                0x000002cc                EEPROM_writeEnable
 .text.EEPROM_readPage
                0x000002d8       0x24 .\CortexM3\ARM_GCC_541\Debug\25LC256.o
                0x000002d8                EEPROM_readPage
 .text.EEPROM_writePage
                0x000002fc       0x5c .\CortexM3\ARM_GCC_541\Debug\25LC256.o
                0x000002fc                EEPROM_writePage
 .text.EEPROM_waitForWriteComplete
                0x00000358       0x10 .\CortexM3\ARM_GCC_541\Debug\25LC256.o
                0x00000358                EEPROM_waitForWriteComplete
 .text.main     0x00000368      0x1d8 .\CortexM3\ARM_GCC_541\Debug\main.o
                0x00000368                main
 .text.CyClockStartupError
                0x00000540        0x4 .\CortexM3\ARM_GCC_541\Debug\cyfitter_cfg.o
 .text.cfg_write_bytes32
                0x00000544       0x34 .\CortexM3\ARM_GCC_541\Debug\cyfitter_cfg.o
 .text.AnalogSetDefault
                0x00000578       0x3c .\CortexM3\ARM_GCC_541\Debug\cyfitter_cfg.o
 .text.CYMEMZERO
                0x000005b4        0xc .\CortexM3\ARM_GCC_541\Debug\cyfitter_cfg.o
 .text.CYCONFIGCPY
                0x000005c0        0x8 .\CortexM3\ARM_GCC_541\Debug\cyfitter_cfg.o
 .text.ClockSetup
                0x000005c8      0x134 .\CortexM3\ARM_GCC_541\Debug\cyfitter_cfg.o
 .text.cyfitter_cfg
                0x000006fc      0x13c .\CortexM3\ARM_GCC_541\Debug\cyfitter_cfg.o
                0x000006fc                cyfitter_cfg
 .text.IntDefaultHandler
                0x00000838       0x10 .\CortexM3\ARM_GCC_541\Debug\Cm3Start.o
                0x00000838                IntDefaultHandler
 .text._sbrk    0x00000848       0x30 .\CortexM3\ARM_GCC_541\Debug\Cm3Start.o
                0x00000848                _sbrk
 .text.Start_c  0x00000878       0x4c .\CortexM3\ARM_GCC_541\Debug\Cm3Start.o
                0x00000878                Start_c
 .text.initialize_psoc
                0x000008c4       0x68 .\CortexM3\ARM_GCC_541\Debug\Cm3Start.o
                0x000008c4                initialize_psoc
 .text.UART_Init
                0x0000092c       0x24 .\CortexM3\ARM_GCC_541\Debug\FIORANI_GARGIULO_IANNUZZI_Project.a(UART.o)
                0x0000092c                UART_Init
 .text.UART_Enable
                0x00000950       0x38 .\CortexM3\ARM_GCC_541\Debug\FIORANI_GARGIULO_IANNUZZI_Project.a(UART.o)
                0x00000950                UART_Enable
 .text.UART_Start
                0x00000988       0x1c .\CortexM3\ARM_GCC_541\Debug\FIORANI_GARGIULO_IANNUZZI_Project.a(UART.o)
                0x00000988                UART_Start
 .text.UART_PutChar
                0x000009a4       0x18 .\CortexM3\ARM_GCC_541\Debug\FIORANI_GARGIULO_IANNUZZI_Project.a(UART.o)
                0x000009a4                UART_PutChar
 .text.UART_PutString
                0x000009bc       0x24 .\CortexM3\ARM_GCC_541\Debug\FIORANI_GARGIULO_IANNUZZI_Project.a(UART.o)
                0x000009bc                UART_PutString
 .text.SPIM_1_EnableTxInt
                0x000009e0        0xc .\CortexM3\ARM_GCC_541\Debug\FIORANI_GARGIULO_IANNUZZI_Project.a(SPIM_1.o)
                0x000009e0                SPIM_1_EnableTxInt
 .text.SPIM_1_EnableRxInt
                0x000009ec        0xc .\CortexM3\ARM_GCC_541\Debug\FIORANI_GARGIULO_IANNUZZI_Project.a(SPIM_1.o)
                0x000009ec                SPIM_1_EnableRxInt
 .text.SPIM_1_Enable
                0x000009f8       0x3c .\CortexM3\ARM_GCC_541\Debug\FIORANI_GARGIULO_IANNUZZI_Project.a(SPIM_1.o)
                0x000009f8                SPIM_1_Enable
 .text.SPIM_1_DisableTxInt
                0x00000a34        0xc .\CortexM3\ARM_GCC_541\Debug\FIORANI_GARGIULO_IANNUZZI_Project.a(SPIM_1.o)
                0x00000a34                SPIM_1_DisableTxInt
 .text.SPIM_1_DisableRxInt
                0x00000a40        0xc .\CortexM3\ARM_GCC_541\Debug\FIORANI_GARGIULO_IANNUZZI_Project.a(SPIM_1.o)
                0x00000a40                SPIM_1_DisableRxInt
 .text.SPIM_1_ReadTxStatus
                0x00000a4c       0x28 .\CortexM3\ARM_GCC_541\Debug\FIORANI_GARGIULO_IANNUZZI_Project.a(SPIM_1.o)
                0x00000a4c                SPIM_1_ReadTxStatus
 .text.SPIM_1_ReadRxStatus
                0x00000a74       0x28 .\CortexM3\ARM_GCC_541\Debug\FIORANI_GARGIULO_IANNUZZI_Project.a(SPIM_1.o)
                0x00000a74                SPIM_1_ReadRxStatus
 .text.SPIM_1_WriteTxData
                0x00000a9c       0xd4 .\CortexM3\ARM_GCC_541\Debug\FIORANI_GARGIULO_IANNUZZI_Project.a(SPIM_1.o)
                0x00000a9c                SPIM_1_WriteTxData
 .text.SPIM_1_ReadRxData
                0x00000b70       0x64 .\CortexM3\ARM_GCC_541\Debug\FIORANI_GARGIULO_IANNUZZI_Project.a(SPIM_1.o)
                0x00000b70                SPIM_1_ReadRxData
 .text.SPIM_1_ClearRxBuffer
                0x00000bd4       0x40 .\CortexM3\ARM_GCC_541\Debug\FIORANI_GARGIULO_IANNUZZI_Project.a(SPIM_1.o)
                0x00000bd4                SPIM_1_ClearRxBuffer
 .text.SPIM_1_ClearTxBuffer
                0x00000c14       0x54 .\CortexM3\ARM_GCC_541\Debug\FIORANI_GARGIULO_IANNUZZI_Project.a(SPIM_1.o)
                0x00000c14                SPIM_1_ClearTxBuffer
 .text.SPIM_1_PutArray
                0x00000c68       0x20 .\CortexM3\ARM_GCC_541\Debug\FIORANI_GARGIULO_IANNUZZI_Project.a(SPIM_1.o)
                0x00000c68                SPIM_1_PutArray
 .text.SPIM_1_ClearFIFO
                0x00000c88       0x3c .\CortexM3\ARM_GCC_541\Debug\FIORANI_GARGIULO_IANNUZZI_Project.a(SPIM_1.o)
                0x00000c88                SPIM_1_ClearFIFO
 .text.SPIM_1_Init
                0x00000cc4       0x90 .\CortexM3\ARM_GCC_541\Debug\FIORANI_GARGIULO_IANNUZZI_Project.a(SPIM_1.o)
                0x00000cc4                SPIM_1_Init
 .text.SPIM_1_Start
                0x00000d54       0x1c .\CortexM3\ARM_GCC_541\Debug\FIORANI_GARGIULO_IANNUZZI_Project.a(SPIM_1.o)
                0x00000d54                SPIM_1_Start
 .text.SPIM_1_TX_ISR
                0x00000d70       0xa0 .\CortexM3\ARM_GCC_541\Debug\FIORANI_GARGIULO_IANNUZZI_Project.a(SPIM_1_INT.o)
                0x00000d70                SPIM_1_TX_ISR
 .text.SPIM_1_RX_ISR
                0x00000e10       0xa0 .\CortexM3\ARM_GCC_541\Debug\FIORANI_GARGIULO_IANNUZZI_Project.a(SPIM_1_INT.o)
                0x00000e10                SPIM_1_RX_ISR
 .text.CS_2_Write
                0x00000eb0       0x18 .\CortexM3\ARM_GCC_541\Debug\FIORANI_GARGIULO_IANNUZZI_Project.a(CS_2.o)
                0x00000eb0                CS_2_Write
 .text.CS_1_Write
                0x00000ec8       0x18 .\CortexM3\ARM_GCC_541\Debug\FIORANI_GARGIULO_IANNUZZI_Project.a(CS_1.o)
                0x00000ec8                CS_1_Write
 .text.SPIM_2_EnableTxInt
                0x00000ee0        0xc .\CortexM3\ARM_GCC_541\Debug\FIORANI_GARGIULO_IANNUZZI_Project.a(SPIM_2.o)
                0x00000ee0                SPIM_2_EnableTxInt
 .text.SPIM_2_EnableRxInt
                0x00000eec        0xc .\CortexM3\ARM_GCC_541\Debug\FIORANI_GARGIULO_IANNUZZI_Project.a(SPIM_2.o)
                0x00000eec                SPIM_2_EnableRxInt
 .text.SPIM_2_Enable
                0x00000ef8       0x3c .\CortexM3\ARM_GCC_541\Debug\FIORANI_GARGIULO_IANNUZZI_Project.a(SPIM_2.o)
                0x00000ef8                SPIM_2_Enable
 .text.SPIM_2_DisableTxInt
                0x00000f34        0xc .\CortexM3\ARM_GCC_541\Debug\FIORANI_GARGIULO_IANNUZZI_Project.a(SPIM_2.o)
                0x00000f34                SPIM_2_DisableTxInt
 .text.SPIM_2_DisableRxInt
                0x00000f40        0xc .\CortexM3\ARM_GCC_541\Debug\FIORANI_GARGIULO_IANNUZZI_Project.a(SPIM_2.o)
                0x00000f40                SPIM_2_DisableRxInt
 .text.SPIM_2_ReadTxStatus
                0x00000f4c       0x28 .\CortexM3\ARM_GCC_541\Debug\FIORANI_GARGIULO_IANNUZZI_Project.a(SPIM_2.o)
                0x00000f4c                SPIM_2_ReadTxStatus
 .text.SPIM_2_ReadRxStatus
                0x00000f74       0x28 .\CortexM3\ARM_GCC_541\Debug\FIORANI_GARGIULO_IANNUZZI_Project.a(SPIM_2.o)
                0x00000f74                SPIM_2_ReadRxStatus
 .text.SPIM_2_WriteTxData
                0x00000f9c       0xd4 .\CortexM3\ARM_GCC_541\Debug\FIORANI_GARGIULO_IANNUZZI_Project.a(SPIM_2.o)
                0x00000f9c                SPIM_2_WriteTxData
 .text.SPIM_2_ReadRxData
                0x00001070       0x64 .\CortexM3\ARM_GCC_541\Debug\FIORANI_GARGIULO_IANNUZZI_Project.a(SPIM_2.o)
                0x00001070                SPIM_2_ReadRxData
 .text.SPIM_2_ClearRxBuffer
                0x000010d4       0x40 .\CortexM3\ARM_GCC_541\Debug\FIORANI_GARGIULO_IANNUZZI_Project.a(SPIM_2.o)
                0x000010d4                SPIM_2_ClearRxBuffer
 .text.SPIM_2_ClearTxBuffer
                0x00001114       0x54 .\CortexM3\ARM_GCC_541\Debug\FIORANI_GARGIULO_IANNUZZI_Project.a(SPIM_2.o)
                0x00001114                SPIM_2_ClearTxBuffer
 .text.SPIM_2_PutArray
                0x00001168       0x20 .\CortexM3\ARM_GCC_541\Debug\FIORANI_GARGIULO_IANNUZZI_Project.a(SPIM_2.o)
                0x00001168                SPIM_2_PutArray
 .text.SPIM_2_ClearFIFO
                0x00001188       0x3c .\CortexM3\ARM_GCC_541\Debug\FIORANI_GARGIULO_IANNUZZI_Project.a(SPIM_2.o)
                0x00001188                SPIM_2_ClearFIFO
 .text.SPIM_2_Init
                0x000011c4       0x94 .\CortexM3\ARM_GCC_541\Debug\FIORANI_GARGIULO_IANNUZZI_Project.a(SPIM_2.o)
                0x000011c4                SPIM_2_Init
 .text.SPIM_2_Start
                0x00001258       0x1c .\CortexM3\ARM_GCC_541\Debug\FIORANI_GARGIULO_IANNUZZI_Project.a(SPIM_2.o)
                0x00001258                SPIM_2_Start
 .text.SPIM_2_TX_ISR
                0x00001274       0xa0 .\CortexM3\ARM_GCC_541\Debug\FIORANI_GARGIULO_IANNUZZI_Project.a(SPIM_2_INT.o)
                0x00001274                SPIM_2_TX_ISR
 .text.SPIM_2_RX_ISR
                0x00001314       0xa0 .\CortexM3\ARM_GCC_541\Debug\FIORANI_GARGIULO_IANNUZZI_Project.a(SPIM_2_INT.o)
                0x00001314                SPIM_2_RX_ISR
 .text.INT_1_Read
                0x000013b4       0x10 .\CortexM3\ARM_GCC_541\Debug\FIORANI_GARGIULO_IANNUZZI_Project.a(INT_1.o)
                0x000013b4                INT_1_Read
 .text.UART_IntClock_Start
                0x000013c4       0x1c .\CortexM3\ARM_GCC_541\Debug\FIORANI_GARGIULO_IANNUZZI_Project.a(UART_IntClock.o)
                0x000013c4                UART_IntClock_Start
 .text.SPIM_1_IntClock_Start
                0x000013e0       0x1c .\CortexM3\ARM_GCC_541\Debug\FIORANI_GARGIULO_IANNUZZI_Project.a(SPIM_1_IntClock.o)
                0x000013e0                SPIM_1_IntClock_Start
 .text.SPIM_2_IntClock_Start
                0x000013fc       0x1c .\CortexM3\ARM_GCC_541\Debug\FIORANI_GARGIULO_IANNUZZI_Project.a(SPIM_2_IntClock.o)
                0x000013fc                SPIM_2_IntClock_Start
 .text.CyHalt   0x00001418        0x4 .\CortexM3\ARM_GCC_541\Debug\FIORANI_GARGIULO_IANNUZZI_Project.a(CyLib.o)
                0x00001418                CyHalt
 .text.CyDelay  0x0000141c       0x2c .\CortexM3\ARM_GCC_541\Debug\FIORANI_GARGIULO_IANNUZZI_Project.a(CyLib.o)
                0x0000141c                CyDelay
 .text.CyDelayUs
                0x00001448       0x14 .\CortexM3\ARM_GCC_541\Debug\FIORANI_GARGIULO_IANNUZZI_Project.a(CyLib.o)
                0x00001448                CyDelayUs
 .text.CyIntSetVector
                0x0000145c       0x28 .\CortexM3\ARM_GCC_541\Debug\FIORANI_GARGIULO_IANNUZZI_Project.a(CyLib.o)
                0x0000145c                CyIntSetVector
 .text.CyIntSetPriority
                0x00001484       0x30 .\CortexM3\ARM_GCC_541\Debug\FIORANI_GARGIULO_IANNUZZI_Project.a(CyLib.o)
                0x00001484                CyIntSetPriority
 *fill*         0x000014b4        0x4 
 .text          0x000014b8       0x20 .\CortexM3\ARM_GCC_541\Debug\FIORANI_GARGIULO_IANNUZZI_Project.a(CyBootAsmGnu.o)
                0x000014b8                CyDelayCycles
                0x000014c8                CyEnterCriticalSection
                0x000014d0                CyExitCriticalSection
 .text.__errno  0x000014d8        0xc c:/program files (x86)/cypress/psoc creator/4.3/psoc creator/import/gnu/arm/5.4.1/bin/../lib/gcc/arm-none-eabi/5.4.1/../../../../arm-none-eabi/lib/armv7-m\libg_nano.a(lib_a-errno.o)
                0x000014d8                __errno
 .text.__libc_init_array
                0x000014e4       0x4c c:/program files (x86)/cypress/psoc creator/4.3/psoc creator/import/gnu/arm/5.4.1/bin/../lib/gcc/arm-none-eabi/5.4.1/../../../../arm-none-eabi/lib/armv7-m\libg_nano.a(lib_a-init.o)
                0x000014e4                __libc_init_array
 .text.memcpy   0x00001530       0x16 c:/program files (x86)/cypress/psoc creator/4.3/psoc creator/import/gnu/arm/5.4.1/bin/../lib/gcc/arm-none-eabi/5.4.1/../../../../arm-none-eabi/lib/armv7-m\libg_nano.a(lib_a-memcpy-stub.o)
                0x00001530                memcpy
 .text.memset   0x00001546       0x10 c:/program files (x86)/cypress/psoc creator/4.3/psoc creator/import/gnu/arm/5.4.1/bin/../lib/gcc/arm-none-eabi/5.4.1/../../../../arm-none-eabi/lib/armv7-m\libg_nano.a(lib_a-memset.o)
                0x00001546                memset
 *fill*         0x00001556        0x2 
 .text.sprintf  0x00001558       0x48 c:/program files (x86)/cypress/psoc creator/4.3/psoc creator/import/gnu/arm/5.4.1/bin/../lib/gcc/arm-none-eabi/5.4.1/../../../../arm-none-eabi/lib/armv7-m\libg_nano.a(lib_a-sprintf.o)
                0x00001558                siprintf
                0x00001558                sprintf
 .text.__ssputs_r
                0x000015a0       0xb2 c:/program files (x86)/cypress/psoc creator/4.3/psoc creator/import/gnu/arm/5.4.1/bin/../lib/gcc/arm-none-eabi/5.4.1/../../../../arm-none-eabi/lib/armv7-m\libg_nano.a(lib_a-nano-svfprintf.o)
                0x000015a0                __ssputs_r
 *fill*         0x00001652        0x2 
 .text._svfprintf_r
                0x00001654      0x1e8 c:/program files (x86)/cypress/psoc creator/4.3/psoc creator/import/gnu/arm/5.4.1/bin/../lib/gcc/arm-none-eabi/5.4.1/../../../../arm-none-eabi/lib/armv7-m\libg_nano.a(lib_a-nano-svfprintf.o)
                0x00001654                _svfiprintf_r
                0x00001654                _svfprintf_r
 .text._printf_common
                0x0000183c       0xec c:/program files (x86)/cypress/psoc creator/4.3/psoc creator/import/gnu/arm/5.4.1/bin/../lib/gcc/arm-none-eabi/5.4.1/../../../../arm-none-eabi/lib/armv7-m\libg_nano.a(lib_a-nano-vfprintf_i.o)
                0x0000183c                _printf_common
 .text._printf_i
                0x00001928      0x24c c:/program files (x86)/cypress/psoc creator/4.3/psoc creator/import/gnu/arm/5.4.1/bin/../lib/gcc/arm-none-eabi/5.4.1/../../../../arm-none-eabi/lib/armv7-m\libg_nano.a(lib_a-nano-vfprintf_i.o)
                0x00001928                _printf_i
 .text.memchr   0x00001b74       0x1c c:/program files (x86)/cypress/psoc creator/4.3/psoc creator/import/gnu/arm/5.4.1/bin/../lib/gcc/arm-none-eabi/5.4.1/../../../../arm-none-eabi/lib/armv7-m\libg_nano.a(lib_a-memchr-stub.o)
                0x00001b74                memchr
 .text.memmove  0x00001b90       0x36 c:/program files (x86)/cypress/psoc creator/4.3/psoc creator/import/gnu/arm/5.4.1/bin/../lib/gcc/arm-none-eabi/5.4.1/../../../../arm-none-eabi/lib/armv7-m\libg_nano.a(lib_a-memmove.o)
                0x00001b90                memmove
 *fill*         0x00001bc6        0x2 
 .text._free_r  0x00001bc8       0x98 c:/program files (x86)/cypress/psoc creator/4.3/psoc creator/import/gnu/arm/5.4.1/bin/../lib/gcc/arm-none-eabi/5.4.1/../../../../arm-none-eabi/lib/armv7-m\libg_nano.a(lib_a-nano-freer.o)
                0x00001bc8                _free_r
 .text._malloc_r
                0x00001c60       0xbc c:/program files (x86)/cypress/psoc creator/4.3/psoc creator/import/gnu/arm/5.4.1/bin/../lib/gcc/arm-none-eabi/5.4.1/../../../../arm-none-eabi/lib/armv7-m\libg_nano.a(lib_a-nano-mallocr.o)
                0x00001c60                _malloc_r
 .text._realloc_r
                0x00001d1c       0x4c c:/program files (x86)/cypress/psoc creator/4.3/psoc creator/import/gnu/arm/5.4.1/bin/../lib/gcc/arm-none-eabi/5.4.1/../../../../arm-none-eabi/lib/armv7-m\libg_nano.a(lib_a-nano-reallocr.o)
                0x00001d1c                _realloc_r
 .text._sbrk_r  0x00001d68       0x20 c:/program files (x86)/cypress/psoc creator/4.3/psoc creator/import/gnu/arm/5.4.1/bin/../lib/gcc/arm-none-eabi/5.4.1/../../../../arm-none-eabi/lib/armv7-m\libg_nano.a(lib_a-sbrkr.o)
                0x00001d68                _sbrk_r
 .text.__malloc_lock
                0x00001d88        0x2 c:/program files (x86)/cypress/psoc creator/4.3/psoc creator/import/gnu/arm/5.4.1/bin/../lib/gcc/arm-none-eabi/5.4.1/../../../../arm-none-eabi/lib/armv7-m\libg_nano.a(lib_a-mlock.o)
                0x00001d88                __malloc_lock
 .text.__malloc_unlock
                0x00001d8a        0x2 c:/program files (x86)/cypress/psoc creator/4.3/psoc creator/import/gnu/arm/5.4.1/bin/../lib/gcc/arm-none-eabi/5.4.1/../../../../arm-none-eabi/lib/armv7-m\libg_nano.a(lib_a-mlock.o)
                0x00001d8a                __malloc_unlock
 .text._malloc_usable_size_r
                0x00001d8c       0x14 c:/program files (x86)/cypress/psoc creator/4.3/psoc creator/import/gnu/arm/5.4.1/bin/../lib/gcc/arm-none-eabi/5.4.1/../../../../arm-none-eabi/lib/armv7-m\libg_nano.a(lib_a-nano-msizer.o)
                0x00001d8c                _malloc_usable_size_r
 *(.plt)
 *(.gnu.warning)
 *(.glue_7t)
 .glue_7t       0x00001da0        0x0 linker stubs
 *(.glue_7)
 .glue_7        0x00001da0        0x0 linker stubs
 *(.vfp11_veneer)
 .vfp11_veneer  0x00001da0        0x0 linker stubs
 *(.bootloader)
 *(.ARM.extab* .gnu.linkonce.armextab.*)
 *(.gcc_except_table)

.v4_bx          0x00001da0        0x0
 .v4_bx         0x00001da0        0x0 linker stubs

.iplt           0x00001da0        0x0
 .iplt          0x00001da0        0x0 c:/program files (x86)/cypress/psoc creator/4.3/psoc creator/import/gnu/arm/5.4.1/bin/../lib/gcc/arm-none-eabi/5.4.1/armv7-m/crtbegin.o

.eh_frame_hdr
 *(.eh_frame_hdr)

.eh_frame       0x00001da0        0x4
 *(.eh_frame)
 .eh_frame      0x00001da0        0x0 c:/program files (x86)/cypress/psoc creator/4.3/psoc creator/import/gnu/arm/5.4.1/bin/../lib/gcc/arm-none-eabi/5.4.1/armv7-m/crtbegin.o
 .eh_frame      0x00001da0        0x4 c:/program files (x86)/cypress/psoc creator/4.3/psoc creator/import/gnu/arm/5.4.1/bin/../lib/gcc/arm-none-eabi/5.4.1/armv7-m/crtend.o
                [!provide]                PROVIDE (__exidx_start, .)

.ARM.exidx
 *(.ARM.exidx* .gnu.linkonce.armexidx.*)
                0x00001da4                __exidx_end = .

.rodata         0x00001da4      0x10c
 *(.rodata .rodata.* .gnu.linkonce.r.*)
 .rodata.str1.4
                0x00001da4       0x48 .\CortexM3\ARM_GCC_541\Debug\main.o
 .rodata        0x00001dec       0x58 .\CortexM3\ARM_GCC_541\Debug\cyfitter_cfg.o
                0x00001dec                ADC_DelSig_AMux__addrTable
                0x00001df4                ADC_DelSig_AMux__maskTable
 .rodata.str1.1
                0x00001e44        0x2 c:/program files (x86)/cypress/psoc creator/4.3/psoc creator/import/gnu/arm/5.4.1/bin/../lib/gcc/arm-none-eabi/5.4.1/../../../../arm-none-eabi/lib/armv7-m\libg_nano.a(lib_a-impure.o)
 .rodata.str1.1
                0x00001e46       0x11 c:/program files (x86)/cypress/psoc creator/4.3/psoc creator/import/gnu/arm/5.4.1/bin/../lib/gcc/arm-none-eabi/5.4.1/../../../../arm-none-eabi/lib/armv7-m\libg_nano.a(lib_a-nano-svfprintf.o)
 .rodata.str1.1
                0x00001e57       0x22 c:/program files (x86)/cypress/psoc creator/4.3/psoc creator/import/gnu/arm/5.4.1/bin/../lib/gcc/arm-none-eabi/5.4.1/../../../../arm-none-eabi/lib/armv7-m\libg_nano.a(lib_a-nano-vfprintf_i.o)
                0x00001e7c                . = ALIGN (0x4)
 *fill*         0x00001e79        0x3 
 *(.init)
 .init          0x00001e7c        0x4 c:/program files (x86)/cypress/psoc creator/4.3/psoc creator/import/gnu/arm/5.4.1/bin/../lib/gcc/arm-none-eabi/5.4.1/armv7-m/crti.o
                0x00001e7c                _init
 .init          0x00001e80        0x8 c:/program files (x86)/cypress/psoc creator/4.3/psoc creator/import/gnu/arm/5.4.1/bin/../lib/gcc/arm-none-eabi/5.4.1/armv7-m/crtn.o
                0x00001e88                . = ALIGN (0x4)
                0x00001e88                __preinit_array_start = .
 *(.preinit_array)
                0x00001e88                __preinit_array_end = .
                0x00001e88                . = ALIGN (0x4)
                0x00001e88                __init_array_start = .
 *(SORT(.init_array.*))
 *(.init_array)
 .init_array    0x00001e88        0x4 c:/program files (x86)/cypress/psoc creator/4.3/psoc creator/import/gnu/arm/5.4.1/bin/../lib/gcc/arm-none-eabi/5.4.1/armv7-m/crtbegin.o
 .init_array    0x00001e8c        0x4 .\CortexM3\ARM_GCC_541\Debug\Cm3Start.o
                0x00001e90                __init_array_end = .
                0x00001e90                . = ALIGN (0x4)
 *(.fini)
 .fini          0x00001e90        0x4 c:/program files (x86)/cypress/psoc creator/4.3/psoc creator/import/gnu/arm/5.4.1/bin/../lib/gcc/arm-none-eabi/5.4.1/armv7-m/crti.o
                0x00001e90                _fini
 .fini          0x00001e94        0x8 c:/program files (x86)/cypress/psoc creator/4.3/psoc creator/import/gnu/arm/5.4.1/bin/../lib/gcc/arm-none-eabi/5.4.1/armv7-m/crtn.o
                0x00001e9c                . = ALIGN (0x4)
                0x00001e9c                __fini_array_start = .
 *(.fini_array)
 .fini_array    0x00001e9c        0x4 c:/program files (x86)/cypress/psoc creator/4.3/psoc creator/import/gnu/arm/5.4.1/bin/../lib/gcc/arm-none-eabi/5.4.1/armv7-m/crtbegin.o
 *(SORT(.fini_array.*))
                0x00001ea0                __fini_array_end = .
                0x00001ea0                . = ALIGN (0x4)
 *crtbegin.o(.ctors)
 *(EXCLUDE_FILE(*crtend.o) .ctors)
 *(SORT(.ctors.*))
 *crtend.o(.ctors)
                0x00001ea0                . = ALIGN (0x4)
 *crtbegin.o(.dtors)
 *(EXCLUDE_FILE(*crtend.o) .dtors)
 *(SORT(.dtors.*))
 *crtend.o(.dtors)
                0x00001ea0                . = ALIGN (0x4)
                0x00001ea0                __cy_regions = .
                0x00001ea0        0x4 LONG 0x1eb0 __cy_region_init_ram
                0x00001ea4        0x4 LONG 0x1fff80c8 __cy_region_start_data
                0x00001ea8        0x4 LONG 0x80 __cy_region_init_size_ram
                0x00001eac        0x4 LONG 0xc8 __cy_region_zero_size_ram
                0x00001eb0                __cy_regions_end = .
                0x00001eb0                . = ALIGN (0x8)
                0x00001eb0                _etext = .

.cy_checksum_exclude
                0x00001eb0        0x0
 *(.cy_checksum_exclude)

.ramvectors     0x1fff8000       0xc0
                0x1fff8000                __cy_region_start_ram = .
 *(.ramvectors)
 .ramvectors    0x1fff8000       0xc0 .\CortexM3\ARM_GCC_541\Debug\Cm3Start.o
                0x1fff8000                CyRamVectors

.noinit         0x1fff80c0        0x1
 *(.noinit)
 .noinit        0x1fff80c0        0x1 .\CortexM3\ARM_GCC_541\Debug\FIORANI_GARGIULO_IANNUZZI_Project.a(CyLib.o)
                0x1fff80c0                CyResetStatus

.data           0x1fff80c8       0x80 load address 0x00001eb0
                0x1fff80c8                __cy_region_start_data = .
 *(.jcr)
 .jcr           0x1fff80c8        0x0 c:/program files (x86)/cypress/psoc creator/4.3/psoc creator/import/gnu/arm/5.4.1/bin/../lib/gcc/arm-none-eabi/5.4.1/armv7-m/crtbegin.o
 .jcr           0x1fff80c8        0x4 c:/program files (x86)/cypress/psoc creator/4.3/psoc creator/import/gnu/arm/5.4.1/bin/../lib/gcc/arm-none-eabi/5.4.1/armv7-m/crtend.o
 *(.got.plt)
 *(.got)
 *(.shdata)
 *(.data .data.* .gnu.linkonce.d.*)
 .data          0x1fff80cc        0x4 .\CortexM3\ARM_GCC_541\Debug\Cm3Start.o
 .data          0x1fff80d0       0x10 .\CortexM3\ARM_GCC_541\Debug\FIORANI_GARGIULO_IANNUZZI_Project.a(CyLib.o)
                0x1fff80d0                cydelay_32k_ms
                0x1fff80d4                cydelay_freq_khz
                0x1fff80d8                cydelay_freq_mhz
                0x1fff80dc                cydelay_freq_hz
 .data.impure_data
                0x1fff80e0       0x60 c:/program files (x86)/cypress/psoc creator/4.3/psoc creator/import/gnu/arm/5.4.1/bin/../lib/gcc/arm-none-eabi/5.4.1/../../../../arm-none-eabi/lib/armv7-m\libg_nano.a(lib_a-impure.o)
 .data._impure_ptr
                0x1fff8140        0x4 c:/program files (x86)/cypress/psoc creator/4.3/psoc creator/import/gnu/arm/5.4.1/bin/../lib/gcc/arm-none-eabi/5.4.1/../../../../arm-none-eabi/lib/armv7-m\libg_nano.a(lib_a-impure.o)
                0x1fff8140                _impure_ptr
                0x1fff8148                . = ALIGN (0x8)
 *fill*         0x1fff8144        0x4 
 *(.ram)
                0x1fff8148                _edata = .

.igot.plt       0x1fff8148        0x0 load address 0x00001f30
 .igot.plt      0x1fff8148        0x0 c:/program files (x86)/cypress/psoc creator/4.3/psoc creator/import/gnu/arm/5.4.1/bin/../lib/gcc/arm-none-eabi/5.4.1/armv7-m/crtbegin.o

.bss            0x1fff8148       0xc8 load address 0x00001f30
                0x1fff8148                PROVIDE (__bss_start__, .)
 *(.shbss)
 *(.bss .bss.* .gnu.linkonce.b.*)
 .bss           0x1fff8148       0x1c c:/program files (x86)/cypress/psoc creator/4.3/psoc creator/import/gnu/arm/5.4.1/bin/../lib/gcc/arm-none-eabi/5.4.1/armv7-m/crtbegin.o
 .bss           0x1fff8164        0x2 .\CortexM3\ARM_GCC_541\Debug\FIORANI_GARGIULO_IANNUZZI_Project.a(UART.o)
                0x1fff8164                UART_initVar
 .bss           0x1fff8166        0x1 .\CortexM3\ARM_GCC_541\Debug\FIORANI_GARGIULO_IANNUZZI_Project.a(SPIM_1.o)
                0x1fff8166                SPIM_1_initVar
 .bss           0x1fff8167        0x1 .\CortexM3\ARM_GCC_541\Debug\FIORANI_GARGIULO_IANNUZZI_Project.a(SPIM_2.o)
                0x1fff8167                SPIM_2_initVar
 .bss.__malloc_sbrk_start
                0x1fff8168        0x4 c:/program files (x86)/cypress/psoc creator/4.3/psoc creator/import/gnu/arm/5.4.1/bin/../lib/gcc/arm-none-eabi/5.4.1/../../../../arm-none-eabi/lib/armv7-m\libg_nano.a(lib_a-nano-mallocr.o)
                0x1fff8168                __malloc_sbrk_start
 .bss.__malloc_free_list
                0x1fff816c        0x4 c:/program files (x86)/cypress/psoc creator/4.3/psoc creator/import/gnu/arm/5.4.1/bin/../lib/gcc/arm-none-eabi/5.4.1/../../../../arm-none-eabi/lib/armv7-m\libg_nano.a(lib_a-nano-mallocr.o)
                0x1fff816c                __malloc_free_list
 *(COMMON)
 COMMON         0x1fff8170       0x64 .\CortexM3\ARM_GCC_541\Debug\main.o
                0x1fff8170                bufferUART
 COMMON         0x1fff81d4       0x1c .\CortexM3\ARM_GCC_541\Debug\FIORANI_GARGIULO_IANNUZZI_Project.a(SPIM_1.o)
                0x1fff81d4                SPIM_1_swStatusTx
                0x1fff81d8                SPIM_1_txBuffer
                0x1fff81e0                SPIM_1_txBufferFull
                0x1fff81e1                SPIM_1_rxBufferWrite
                0x1fff81e2                SPIM_1_rxBufferFull
                0x1fff81e3                SPIM_1_rxBufferRead
                0x1fff81e4                SPIM_1_txBufferWrite
                0x1fff81e5                SPIM_1_swStatusRx
                0x1fff81e6                SPIM_1_txBufferRead
                0x1fff81e8                SPIM_1_rxBuffer
 COMMON         0x1fff81f0       0x18 .\CortexM3\ARM_GCC_541\Debug\FIORANI_GARGIULO_IANNUZZI_Project.a(SPIM_2.o)
                0x1fff81f0                SPIM_2_rxBuffer
                0x1fff81f8                SPIM_2_swStatusRx
                0x1fff81f9                SPIM_2_rxBufferWrite
                0x1fff81fa                SPIM_2_rxBufferFull
                0x1fff81fb                SPIM_2_txBufferFull
                0x1fff81fc                SPIM_2_txBufferRead
                0x1fff81fd                SPIM_2_txBufferWrite
                0x1fff81fe                SPIM_2_rxBufferRead
                0x1fff81ff                SPIM_2_swStatusTx
                0x1fff8200                SPIM_2_txBuffer
 COMMON         0x1fff8208        0x4 c:/program files (x86)/cypress/psoc creator/4.3/psoc creator/import/gnu/arm/5.4.1/bin/../lib/gcc/arm-none-eabi/5.4.1/../../../../arm-none-eabi/lib/armv7-m\libg_nano.a(lib_a-reent.o)
                0x1fff8208                errno
                0x1fff8210                . = ALIGN (0x8)
 *fill*         0x1fff820c        0x4 
 *(.ram.b)
                0x1fff8210                _end = .
                0x1fff8210                __end = .
                0x1fff8210                PROVIDE (end, .)
                0x1fff8210                PROVIDE (__bss_end__, .)
                0x00001eb0                __cy_region_init_ram = LOADADDR (.data)
                0x00000080                __cy_region_init_size_ram = (_edata - ADDR (.data))
                0x000000c8                __cy_region_zero_size_ram = (_end - _edata)

.heap           0x1fff8210       0x80 load address 0x00001f30
                0x1fff8210                . = _end
                0x1fff8290                . = (. + 0x80)
 *fill*         0x1fff8210       0x80 
                0x1fff8290                __cy_heap_limit = .

.stack          0x20007800      0x800
                0x20007800                __cy_stack_limit = .
                0x20008000                . = (. + 0x800)
 *fill*         0x20007800      0x800 
                0x00000001                ASSERT ((__cy_stack_limit >= __cy_heap_limit), region RAM overflowed with stack)
                0x00000000                cy_checksum_exclude_size = (CY_APPL_LOADABLE == 0x1)?SIZEOF (.cy_checksum_exclude):0x0
                0x00000001                ASSERT ((cy_checksum_exclude_size <= CY_CHECKSUM_EXCLUDE_SIZE), CY_BOOT: Section .cy_checksum_exclude size exceedes specified limit.)

.cyloadermeta
 *(.cyloadermeta)

.cyloadablemeta
 *(.cyloadablemeta)

.cyconfigecc    0x80000000      0x948
 *(.cyconfigecc)
 .cyconfigecc   0x80000000      0x948 .\CortexM3\ARM_GCC_541\Debug\cymetadata.o
                0x80000000                cy_meta_configecc

.cycustnvl      0x90000000        0x4
 *(.cycustnvl)
 .cycustnvl     0x90000000        0x4 .\CortexM3\ARM_GCC_541\Debug\cymetadata.o
                0x90000000                cy_meta_custnvl

.cywolatch      0x90100000        0x4
 *(.cywolatch)
 .cywolatch     0x90100000        0x4 .\CortexM3\ARM_GCC_541\Debug\cymetadata.o
                0x90100000                cy_meta_wonvl

.cyeeprom       0x90200000        0x0
 *(.cyeeprom)
                0x00000001                ASSERT ((. <= ((0x90200000 + ee_offset) + ee_size)), .cyeeprom data will not fit in EEPROM)

.cyflashprotect
                0x90400000      0x100
 *(.cyflashprotect)
 .cyflashprotect
                0x90400000      0x100 .\CortexM3\ARM_GCC_541\Debug\cymetadata.o
                0x90400000                cy_meta_flashprotect

.cymeta         0x90500000        0xc
 *(.cymeta)
 .cymeta        0x90500000        0xc .\CortexM3\ARM_GCC_541\Debug\cymetadata.o
                0x90500000                cy_metadata

.rel.dyn        0x00001f30        0x0 load address 0x9050000c
 .rel.iplt      0x00001f30        0x0 c:/program files (x86)/cypress/psoc creator/4.3/psoc creator/import/gnu/arm/5.4.1/bin/../lib/gcc/arm-none-eabi/5.4.1/armv7-m/crtbegin.o

.stab
 *(.stab)

.stabstr
 *(.stabstr)

.debug
 *(.debug)

.line
 *(.line)

.debug_srcinfo
 *(.debug_srcinfo)

.debug_sfnames
 *(.debug_sfnames)

.debug_aranges  0x00000000      0xe18
 *(.debug_aranges)
 .debug_aranges
                0x00000000       0x20 .\CortexM3\ARM_GCC_541\Debug\Menu_Functions.o
 .debug_aranges
                0x00000020       0x28 .\CortexM3\ARM_GCC_541\Debug\InterruptRoutines.o
 .debug_aranges
                0x00000048       0x38 .\CortexM3\ARM_GCC_541\Debug\LIS3DH.o
 .debug_aranges
                0x00000080       0x50 .\CortexM3\ARM_GCC_541\Debug\SPI_Interface.o
 .debug_aranges
                0x000000d0       0x50 .\CortexM3\ARM_GCC_541\Debug\25LC256.o
 .debug_aranges
                0x00000120       0x20 .\CortexM3\ARM_GCC_541\Debug\main.o
 .debug_aranges
                0x00000140       0x68 .\CortexM3\ARM_GCC_541\Debug\cyfitter_cfg.o
 .debug_aranges
                0x000001a8       0x18 .\CortexM3\ARM_GCC_541\Debug\cymetadata.o
 .debug_aranges
                0x000001c0       0x48 .\CortexM3\ARM_GCC_541\Debug\Cm3Start.o
 .debug_aranges
                0x00000208       0xf0 .\CortexM3\ARM_GCC_541\Debug\FIORANI_GARGIULO_IANNUZZI_Project.a(UART.o)
 .debug_aranges
                0x000002f8       0xd8 .\CortexM3\ARM_GCC_541\Debug\FIORANI_GARGIULO_IANNUZZI_Project.a(SPIM_1.o)
 .debug_aranges
                0x000003d0       0x28 .\CortexM3\ARM_GCC_541\Debug\FIORANI_GARGIULO_IANNUZZI_Project.a(SPIM_1_INT.o)
 .debug_aranges
                0x000003f8       0x38 .\CortexM3\ARM_GCC_541\Debug\FIORANI_GARGIULO_IANNUZZI_Project.a(CS_2.o)
 .debug_aranges
                0x00000430       0x38 .\CortexM3\ARM_GCC_541\Debug\FIORANI_GARGIULO_IANNUZZI_Project.a(CS_1.o)
 .debug_aranges
                0x00000468       0xe8 .\CortexM3\ARM_GCC_541\Debug\FIORANI_GARGIULO_IANNUZZI_Project.a(ADC_DelSig.o)
 .debug_aranges
                0x00000550       0x38 .\CortexM3\ARM_GCC_541\Debug\FIORANI_GARGIULO_IANNUZZI_Project.a(ADC_DelSig_INT.o)
 .debug_aranges
                0x00000588       0x88 .\CortexM3\ARM_GCC_541\Debug\FIORANI_GARGIULO_IANNUZZI_Project.a(Timer.o)
 .debug_aranges
                0x00000610       0xd8 .\CortexM3\ARM_GCC_541\Debug\FIORANI_GARGIULO_IANNUZZI_Project.a(SPIM_2.o)
 .debug_aranges
                0x000006e8       0x28 .\CortexM3\ARM_GCC_541\Debug\FIORANI_GARGIULO_IANNUZZI_Project.a(SPIM_2_INT.o)
 .debug_aranges
                0x00000710       0x38 .\CortexM3\ARM_GCC_541\Debug\FIORANI_GARGIULO_IANNUZZI_Project.a(INT_1.o)
 .debug_aranges
                0x00000748       0x70 .\CortexM3\ARM_GCC_541\Debug\FIORANI_GARGIULO_IANNUZZI_Project.a(UART_IntClock.o)
 .debug_aranges
                0x000007b8       0x70 .\CortexM3\ARM_GCC_541\Debug\FIORANI_GARGIULO_IANNUZZI_Project.a(SPIM_1_IntClock.o)
 .debug_aranges
                0x00000828       0x30 .\CortexM3\ARM_GCC_541\Debug\FIORANI_GARGIULO_IANNUZZI_Project.a(ADC_DelSig_AMux.o)
 .debug_aranges
                0x00000858       0x70 .\CortexM3\ARM_GCC_541\Debug\FIORANI_GARGIULO_IANNUZZI_Project.a(ADC_DelSig_Ext_CP_Clk.o)
 .debug_aranges
                0x000008c8       0x80 .\CortexM3\ARM_GCC_541\Debug\FIORANI_GARGIULO_IANNUZZI_Project.a(ADC_DelSig_theACLK.o)
 .debug_aranges
                0x00000948       0x70 .\CortexM3\ARM_GCC_541\Debug\FIORANI_GARGIULO_IANNUZZI_Project.a(SPIM_2_IntClock.o)
 .debug_aranges
                0x000009b8      0x2a0 .\CortexM3\ARM_GCC_541\Debug\FIORANI_GARGIULO_IANNUZZI_Project.a(CyLib.o)
 .debug_aranges
                0x00000c58       0x98 .\CortexM3\ARM_GCC_541\Debug\FIORANI_GARGIULO_IANNUZZI_Project.a(cyPm.o)
 .debug_aranges
                0x00000cf0       0x20 .\CortexM3\ARM_GCC_541\Debug\FIORANI_GARGIULO_IANNUZZI_Project.a(CyBootAsmGnu.o)
 .debug_aranges
                0x00000d10       0x88 .\CortexM3\ARM_GCC_541\Debug\FIORANI_GARGIULO_IANNUZZI_Project.a(CyFlash.o)
 .debug_aranges
                0x00000d98       0x80 .\CortexM3\ARM_GCC_541\Debug\FIORANI_GARGIULO_IANNUZZI_Project.a(CySpc.o)

.debug_pubnames
 *(.debug_pubnames)

.debug_info     0x00000000     0x845c
 *(.debug_info .gnu.linkonce.wi.*)
 .debug_info    0x00000000      0x3df .\CortexM3\ARM_GCC_541\Debug\Menu_Functions.o
 .debug_info    0x000003df      0x1c4 .\CortexM3\ARM_GCC_541\Debug\InterruptRoutines.o
 .debug_info    0x000005a3      0x300 .\CortexM3\ARM_GCC_541\Debug\LIS3DH.o
 .debug_info    0x000008a3      0x68e .\CortexM3\ARM_GCC_541\Debug\SPI_Interface.o
 .debug_info    0x00000f31      0x3b4 .\CortexM3\ARM_GCC_541\Debug\25LC256.o
 .debug_info    0x000012e5      0x583 .\CortexM3\ARM_GCC_541\Debug\main.o
 .debug_info    0x00001868      0x6c7 .\CortexM3\ARM_GCC_541\Debug\cyfitter_cfg.o
 .debug_info    0x00001f2f      0x139 .\CortexM3\ARM_GCC_541\Debug\cymetadata.o
 .debug_info    0x00002068      0x3bb .\CortexM3\ARM_GCC_541\Debug\Cm3Start.o
 .debug_info    0x00002423      0x60c .\CortexM3\ARM_GCC_541\Debug\FIORANI_GARGIULO_IANNUZZI_Project.a(UART.o)
 .debug_info    0x00002a2f      0x709 .\CortexM3\ARM_GCC_541\Debug\FIORANI_GARGIULO_IANNUZZI_Project.a(SPIM_1.o)
 .debug_info    0x00003138      0x18d .\CortexM3\ARM_GCC_541\Debug\FIORANI_GARGIULO_IANNUZZI_Project.a(SPIM_1_INT.o)
 .debug_info    0x000032c5      0x11f .\CortexM3\ARM_GCC_541\Debug\FIORANI_GARGIULO_IANNUZZI_Project.a(CS_2.o)
 .debug_info    0x000033e4      0x11f .\CortexM3\ARM_GCC_541\Debug\FIORANI_GARGIULO_IANNUZZI_Project.a(CS_1.o)
 .debug_info    0x00003503      0xa1a .\CortexM3\ARM_GCC_541\Debug\FIORANI_GARGIULO_IANNUZZI_Project.a(ADC_DelSig.o)
 .debug_info    0x00003f1d       0xd3 .\CortexM3\ARM_GCC_541\Debug\FIORANI_GARGIULO_IANNUZZI_Project.a(ADC_DelSig_INT.o)
 .debug_info    0x00003ff0      0x293 .\CortexM3\ARM_GCC_541\Debug\FIORANI_GARGIULO_IANNUZZI_Project.a(Timer.o)
 .debug_info    0x00004283      0x709 .\CortexM3\ARM_GCC_541\Debug\FIORANI_GARGIULO_IANNUZZI_Project.a(SPIM_2.o)
 .debug_info    0x0000498c      0x18d .\CortexM3\ARM_GCC_541\Debug\FIORANI_GARGIULO_IANNUZZI_Project.a(SPIM_2_INT.o)
 .debug_info    0x00004b19      0x11f .\CortexM3\ARM_GCC_541\Debug\FIORANI_GARGIULO_IANNUZZI_Project.a(INT_1.o)
 .debug_info    0x00004c38      0x283 .\CortexM3\ARM_GCC_541\Debug\FIORANI_GARGIULO_IANNUZZI_Project.a(UART_IntClock.o)
 .debug_info    0x00004ebb      0x283 .\CortexM3\ARM_GCC_541\Debug\FIORANI_GARGIULO_IANNUZZI_Project.a(SPIM_1_IntClock.o)
 .debug_info    0x0000513e      0x165 .\CortexM3\ARM_GCC_541\Debug\FIORANI_GARGIULO_IANNUZZI_Project.a(ADC_DelSig_AMux.o)
 .debug_info    0x000052a3      0x283 .\CortexM3\ARM_GCC_541\Debug\FIORANI_GARGIULO_IANNUZZI_Project.a(ADC_DelSig_Ext_CP_Clk.o)
 .debug_info    0x00005526      0x2c4 .\CortexM3\ARM_GCC_541\Debug\FIORANI_GARGIULO_IANNUZZI_Project.a(ADC_DelSig_theACLK.o)
 .debug_info    0x000057ea      0x283 .\CortexM3\ARM_GCC_541\Debug\FIORANI_GARGIULO_IANNUZZI_Project.a(SPIM_2_IntClock.o)
 .debug_info    0x00005a6d     0x1374 .\CortexM3\ARM_GCC_541\Debug\FIORANI_GARGIULO_IANNUZZI_Project.a(CyLib.o)
 .debug_info    0x00006de1      0xa2a .\CortexM3\ARM_GCC_541\Debug\FIORANI_GARGIULO_IANNUZZI_Project.a(cyPm.o)
 .debug_info    0x0000780b       0xb4 .\CortexM3\ARM_GCC_541\Debug\FIORANI_GARGIULO_IANNUZZI_Project.a(CyBootAsmGnu.o)
 .debug_info    0x000078bf      0x64d .\CortexM3\ARM_GCC_541\Debug\FIORANI_GARGIULO_IANNUZZI_Project.a(CyFlash.o)
 .debug_info    0x00007f0c      0x550 .\CortexM3\ARM_GCC_541\Debug\FIORANI_GARGIULO_IANNUZZI_Project.a(CySpc.o)

.debug_abbrev   0x00000000     0x2303
 *(.debug_abbrev)
 .debug_abbrev  0x00000000       0xea .\CortexM3\ARM_GCC_541\Debug\Menu_Functions.o
 .debug_abbrev  0x000000ea       0xcd .\CortexM3\ARM_GCC_541\Debug\InterruptRoutines.o
 .debug_abbrev  0x000001b7      0x100 .\CortexM3\ARM_GCC_541\Debug\LIS3DH.o
 .debug_abbrev  0x000002b7      0x12b .\CortexM3\ARM_GCC_541\Debug\SPI_Interface.o
 .debug_abbrev  0x000003e2      0x11c .\CortexM3\ARM_GCC_541\Debug\25LC256.o
 .debug_abbrev  0x000004fe      0x131 .\CortexM3\ARM_GCC_541\Debug\main.o
 .debug_abbrev  0x0000062f      0x22d .\CortexM3\ARM_GCC_541\Debug\cyfitter_cfg.o
 .debug_abbrev  0x0000085c       0x77 .\CortexM3\ARM_GCC_541\Debug\cymetadata.o
 .debug_abbrev  0x000008d3      0x1e8 .\CortexM3\ARM_GCC_541\Debug\Cm3Start.o
 .debug_abbrev  0x00000abb      0x175 .\CortexM3\ARM_GCC_541\Debug\FIORANI_GARGIULO_IANNUZZI_Project.a(UART.o)
 .debug_abbrev  0x00000c30      0x162 .\CortexM3\ARM_GCC_541\Debug\FIORANI_GARGIULO_IANNUZZI_Project.a(SPIM_1.o)
 .debug_abbrev  0x00000d92       0x8a .\CortexM3\ARM_GCC_541\Debug\FIORANI_GARGIULO_IANNUZZI_Project.a(SPIM_1_INT.o)
 .debug_abbrev  0x00000e1c       0x90 .\CortexM3\ARM_GCC_541\Debug\FIORANI_GARGIULO_IANNUZZI_Project.a(CS_2.o)
 .debug_abbrev  0x00000eac       0x90 .\CortexM3\ARM_GCC_541\Debug\FIORANI_GARGIULO_IANNUZZI_Project.a(CS_1.o)
 .debug_abbrev  0x00000f3c      0x1eb .\CortexM3\ARM_GCC_541\Debug\FIORANI_GARGIULO_IANNUZZI_Project.a(ADC_DelSig.o)
 .debug_abbrev  0x00001127       0x42 .\CortexM3\ARM_GCC_541\Debug\FIORANI_GARGIULO_IANNUZZI_Project.a(ADC_DelSig_INT.o)
 .debug_abbrev  0x00001169      0x11a .\CortexM3\ARM_GCC_541\Debug\FIORANI_GARGIULO_IANNUZZI_Project.a(Timer.o)
 .debug_abbrev  0x00001283      0x162 .\CortexM3\ARM_GCC_541\Debug\FIORANI_GARGIULO_IANNUZZI_Project.a(SPIM_2.o)
 .debug_abbrev  0x000013e5       0x8a .\CortexM3\ARM_GCC_541\Debug\FIORANI_GARGIULO_IANNUZZI_Project.a(SPIM_2_INT.o)
 .debug_abbrev  0x0000146f       0x90 .\CortexM3\ARM_GCC_541\Debug\FIORANI_GARGIULO_IANNUZZI_Project.a(INT_1.o)
 .debug_abbrev  0x000014ff      0x139 .\CortexM3\ARM_GCC_541\Debug\FIORANI_GARGIULO_IANNUZZI_Project.a(UART_IntClock.o)
 .debug_abbrev  0x00001638      0x139 .\CortexM3\ARM_GCC_541\Debug\FIORANI_GARGIULO_IANNUZZI_Project.a(SPIM_1_IntClock.o)
 .debug_abbrev  0x00001771       0xb1 .\CortexM3\ARM_GCC_541\Debug\FIORANI_GARGIULO_IANNUZZI_Project.a(ADC_DelSig_AMux.o)
 .debug_abbrev  0x00001822      0x139 .\CortexM3\ARM_GCC_541\Debug\FIORANI_GARGIULO_IANNUZZI_Project.a(ADC_DelSig_Ext_CP_Clk.o)
 .debug_abbrev  0x0000195b      0x121 .\CortexM3\ARM_GCC_541\Debug\FIORANI_GARGIULO_IANNUZZI_Project.a(ADC_DelSig_theACLK.o)
 .debug_abbrev  0x00001a7c      0x139 .\CortexM3\ARM_GCC_541\Debug\FIORANI_GARGIULO_IANNUZZI_Project.a(SPIM_2_IntClock.o)
 .debug_abbrev  0x00001bb5      0x254 .\CortexM3\ARM_GCC_541\Debug\FIORANI_GARGIULO_IANNUZZI_Project.a(CyLib.o)
 .debug_abbrev  0x00001e09      0x1ab .\CortexM3\ARM_GCC_541\Debug\FIORANI_GARGIULO_IANNUZZI_Project.a(cyPm.o)
 .debug_abbrev  0x00001fb4       0x14 .\CortexM3\ARM_GCC_541\Debug\FIORANI_GARGIULO_IANNUZZI_Project.a(CyBootAsmGnu.o)
 .debug_abbrev  0x00001fc8      0x1a7 .\CortexM3\ARM_GCC_541\Debug\FIORANI_GARGIULO_IANNUZZI_Project.a(CyFlash.o)
 .debug_abbrev  0x0000216f      0x194 .\CortexM3\ARM_GCC_541\Debug\FIORANI_GARGIULO_IANNUZZI_Project.a(CySpc.o)

.debug_line     0x00000000     0x3b2d
 *(.debug_line)
 .debug_line    0x00000000      0x200 .\CortexM3\ARM_GCC_541\Debug\Menu_Functions.o
 .debug_line    0x00000200      0x1d1 .\CortexM3\ARM_GCC_541\Debug\InterruptRoutines.o
 .debug_line    0x000003d1      0x1a9 .\CortexM3\ARM_GCC_541\Debug\LIS3DH.o
 .debug_line    0x0000057a      0x288 .\CortexM3\ARM_GCC_541\Debug\SPI_Interface.o
 .debug_line    0x00000802      0x1e7 .\CortexM3\ARM_GCC_541\Debug\25LC256.o
 .debug_line    0x000009e9      0x2a5 .\CortexM3\ARM_GCC_541\Debug\main.o
 .debug_line    0x00000c8e      0x22d .\CortexM3\ARM_GCC_541\Debug\cyfitter_cfg.o
 .debug_line    0x00000ebb      0x141 .\CortexM3\ARM_GCC_541\Debug\cymetadata.o
 .debug_line    0x00000ffc      0x234 .\CortexM3\ARM_GCC_541\Debug\Cm3Start.o
 .debug_line    0x00001230      0x2bc .\CortexM3\ARM_GCC_541\Debug\FIORANI_GARGIULO_IANNUZZI_Project.a(UART.o)
 .debug_line    0x000014ec      0x29e .\CortexM3\ARM_GCC_541\Debug\FIORANI_GARGIULO_IANNUZZI_Project.a(SPIM_1.o)
 .debug_line    0x0000178a       0xaa .\CortexM3\ARM_GCC_541\Debug\FIORANI_GARGIULO_IANNUZZI_Project.a(SPIM_1_INT.o)
 .debug_line    0x00001834       0x91 .\CortexM3\ARM_GCC_541\Debug\FIORANI_GARGIULO_IANNUZZI_Project.a(CS_2.o)
 .debug_line    0x000018c5       0x91 .\CortexM3\ARM_GCC_541\Debug\FIORANI_GARGIULO_IANNUZZI_Project.a(CS_1.o)
 .debug_line    0x00001956      0x373 .\CortexM3\ARM_GCC_541\Debug\FIORANI_GARGIULO_IANNUZZI_Project.a(ADC_DelSig.o)
 .debug_line    0x00001cc9       0x87 .\CortexM3\ARM_GCC_541\Debug\FIORANI_GARGIULO_IANNUZZI_Project.a(ADC_DelSig_INT.o)
 .debug_line    0x00001d50      0x153 .\CortexM3\ARM_GCC_541\Debug\FIORANI_GARGIULO_IANNUZZI_Project.a(Timer.o)
 .debug_line    0x00001ea3      0x29e .\CortexM3\ARM_GCC_541\Debug\FIORANI_GARGIULO_IANNUZZI_Project.a(SPIM_2.o)
 .debug_line    0x00002141       0xaa .\CortexM3\ARM_GCC_541\Debug\FIORANI_GARGIULO_IANNUZZI_Project.a(SPIM_2_INT.o)
 .debug_line    0x000021eb       0x92 .\CortexM3\ARM_GCC_541\Debug\FIORANI_GARGIULO_IANNUZZI_Project.a(INT_1.o)
 .debug_line    0x0000227d      0x17c .\CortexM3\ARM_GCC_541\Debug\FIORANI_GARGIULO_IANNUZZI_Project.a(UART_IntClock.o)
 .debug_line    0x000023f9      0x17e .\CortexM3\ARM_GCC_541\Debug\FIORANI_GARGIULO_IANNUZZI_Project.a(SPIM_1_IntClock.o)
 .debug_line    0x00002577       0xb3 .\CortexM3\ARM_GCC_541\Debug\FIORANI_GARGIULO_IANNUZZI_Project.a(ADC_DelSig_AMux.o)
 .debug_line    0x0000262a      0x184 .\CortexM3\ARM_GCC_541\Debug\FIORANI_GARGIULO_IANNUZZI_Project.a(ADC_DelSig_Ext_CP_Clk.o)
 .debug_line    0x000027ae      0x1a4 .\CortexM3\ARM_GCC_541\Debug\FIORANI_GARGIULO_IANNUZZI_Project.a(ADC_DelSig_theACLK.o)
 .debug_line    0x00002952      0x17e .\CortexM3\ARM_GCC_541\Debug\FIORANI_GARGIULO_IANNUZZI_Project.a(SPIM_2_IntClock.o)
 .debug_line    0x00002ad0      0x816 .\CortexM3\ARM_GCC_541\Debug\FIORANI_GARGIULO_IANNUZZI_Project.a(CyLib.o)
 .debug_line    0x000032e6      0x367 .\CortexM3\ARM_GCC_541\Debug\FIORANI_GARGIULO_IANNUZZI_Project.a(cyPm.o)
 .debug_line    0x0000364d       0x66 .\CortexM3\ARM_GCC_541\Debug\FIORANI_GARGIULO_IANNUZZI_Project.a(CyBootAsmGnu.o)
 .debug_line    0x000036b3      0x21a .\CortexM3\ARM_GCC_541\Debug\FIORANI_GARGIULO_IANNUZZI_Project.a(CyFlash.o)
 .debug_line    0x000038cd      0x260 .\CortexM3\ARM_GCC_541\Debug\FIORANI_GARGIULO_IANNUZZI_Project.a(CySpc.o)

.debug_frame    0x00000000     0x2624
 *(.debug_frame)
 .debug_frame   0x00000000       0x2c .\CortexM3\ARM_GCC_541\Debug\Menu_Functions.o
 .debug_frame   0x0000002c       0x3c .\CortexM3\ARM_GCC_541\Debug\InterruptRoutines.o
 .debug_frame   0x00000068       0x94 .\CortexM3\ARM_GCC_541\Debug\LIS3DH.o
 .debug_frame   0x000000fc       0xf0 .\CortexM3\ARM_GCC_541\Debug\SPI_Interface.o
 .debug_frame   0x000001ec       0xf8 .\CortexM3\ARM_GCC_541\Debug\25LC256.o
 .debug_frame   0x000002e4       0x3c .\CortexM3\ARM_GCC_541\Debug\main.o
 .debug_frame   0x00000320      0x104 .\CortexM3\ARM_GCC_541\Debug\cyfitter_cfg.o
 .debug_frame   0x00000424       0xb8 .\CortexM3\ARM_GCC_541\Debug\Cm3Start.o
 .debug_frame   0x000004dc      0x250 .\CortexM3\ARM_GCC_541\Debug\FIORANI_GARGIULO_IANNUZZI_Project.a(UART.o)
 .debug_frame   0x0000072c      0x260 .\CortexM3\ARM_GCC_541\Debug\FIORANI_GARGIULO_IANNUZZI_Project.a(SPIM_1.o)
 .debug_frame   0x0000098c       0x30 .\CortexM3\ARM_GCC_541\Debug\FIORANI_GARGIULO_IANNUZZI_Project.a(SPIM_1_INT.o)
 .debug_frame   0x000009bc       0x50 .\CortexM3\ARM_GCC_541\Debug\FIORANI_GARGIULO_IANNUZZI_Project.a(CS_2.o)
 .debug_frame   0x00000a0c       0x50 .\CortexM3\ARM_GCC_541\Debug\FIORANI_GARGIULO_IANNUZZI_Project.a(CS_1.o)
 .debug_frame   0x00000a5c      0x284 .\CortexM3\ARM_GCC_541\Debug\FIORANI_GARGIULO_IANNUZZI_Project.a(ADC_DelSig.o)
 .debug_frame   0x00000ce0       0x50 .\CortexM3\ARM_GCC_541\Debug\FIORANI_GARGIULO_IANNUZZI_Project.a(ADC_DelSig_INT.o)
 .debug_frame   0x00000d30      0x108 .\CortexM3\ARM_GCC_541\Debug\FIORANI_GARGIULO_IANNUZZI_Project.a(Timer.o)
 .debug_frame   0x00000e38      0x260 .\CortexM3\ARM_GCC_541\Debug\FIORANI_GARGIULO_IANNUZZI_Project.a(SPIM_2.o)
 .debug_frame   0x00001098       0x30 .\CortexM3\ARM_GCC_541\Debug\FIORANI_GARGIULO_IANNUZZI_Project.a(SPIM_2_INT.o)
 .debug_frame   0x000010c8       0x50 .\CortexM3\ARM_GCC_541\Debug\FIORANI_GARGIULO_IANNUZZI_Project.a(INT_1.o)
 .debug_frame   0x00001118       0xe0 .\CortexM3\ARM_GCC_541\Debug\FIORANI_GARGIULO_IANNUZZI_Project.a(UART_IntClock.o)
 .debug_frame   0x000011f8       0xe0 .\CortexM3\ARM_GCC_541\Debug\FIORANI_GARGIULO_IANNUZZI_Project.a(SPIM_1_IntClock.o)
 .debug_frame   0x000012d8       0x64 .\CortexM3\ARM_GCC_541\Debug\FIORANI_GARGIULO_IANNUZZI_Project.a(ADC_DelSig_AMux.o)
 .debug_frame   0x0000133c       0xe0 .\CortexM3\ARM_GCC_541\Debug\FIORANI_GARGIULO_IANNUZZI_Project.a(ADC_DelSig_Ext_CP_Clk.o)
 .debug_frame   0x0000141c      0x100 .\CortexM3\ARM_GCC_541\Debug\FIORANI_GARGIULO_IANNUZZI_Project.a(ADC_DelSig_theACLK.o)
 .debug_frame   0x0000151c       0xe0 .\CortexM3\ARM_GCC_541\Debug\FIORANI_GARGIULO_IANNUZZI_Project.a(SPIM_2_IntClock.o)
 .debug_frame   0x000015fc      0x738 .\CortexM3\ARM_GCC_541\Debug\FIORANI_GARGIULO_IANNUZZI_Project.a(CyLib.o)
 .debug_frame   0x00001d34      0x1f8 .\CortexM3\ARM_GCC_541\Debug\FIORANI_GARGIULO_IANNUZZI_Project.a(cyPm.o)
 .debug_frame   0x00001f2c      0x194 .\CortexM3\ARM_GCC_541\Debug\FIORANI_GARGIULO_IANNUZZI_Project.a(CyFlash.o)
 .debug_frame   0x000020c0      0x180 .\CortexM3\ARM_GCC_541\Debug\FIORANI_GARGIULO_IANNUZZI_Project.a(CySpc.o)
 .debug_frame   0x00002240       0x20 c:/program files (x86)/cypress/psoc creator/4.3/psoc creator/import/gnu/arm/5.4.1/bin/../lib/gcc/arm-none-eabi/5.4.1/../../../../arm-none-eabi/lib/armv7-m\libg_nano.a(lib_a-errno.o)
 .debug_frame   0x00002260       0x28 c:/program files (x86)/cypress/psoc creator/4.3/psoc creator/import/gnu/arm/5.4.1/bin/../lib/gcc/arm-none-eabi/5.4.1/../../../../arm-none-eabi/lib/armv7-m\libg_nano.a(lib_a-exit.o)
 .debug_frame   0x00002288       0x2c c:/program files (x86)/cypress/psoc creator/4.3/psoc creator/import/gnu/arm/5.4.1/bin/../lib/gcc/arm-none-eabi/5.4.1/../../../../arm-none-eabi/lib/armv7-m\libg_nano.a(lib_a-init.o)
 .debug_frame   0x000022b4       0x28 c:/program files (x86)/cypress/psoc creator/4.3/psoc creator/import/gnu/arm/5.4.1/bin/../lib/gcc/arm-none-eabi/5.4.1/../../../../arm-none-eabi/lib/armv7-m\libg_nano.a(lib_a-memcpy-stub.o)
 .debug_frame   0x000022dc       0x20 c:/program files (x86)/cypress/psoc creator/4.3/psoc creator/import/gnu/arm/5.4.1/bin/../lib/gcc/arm-none-eabi/5.4.1/../../../../arm-none-eabi/lib/armv7-m\libg_nano.a(lib_a-memset.o)
 .debug_frame   0x000022fc       0x70 c:/program files (x86)/cypress/psoc creator/4.3/psoc creator/import/gnu/arm/5.4.1/bin/../lib/gcc/arm-none-eabi/5.4.1/../../../../arm-none-eabi/lib/armv7-m\libg_nano.a(lib_a-sprintf.o)
 .debug_frame   0x0000236c       0x90 c:/program files (x86)/cypress/psoc creator/4.3/psoc creator/import/gnu/arm/5.4.1/bin/../lib/gcc/arm-none-eabi/5.4.1/../../../../arm-none-eabi/lib/armv7-m\libg_nano.a(lib_a-nano-svfprintf.o)
 .debug_frame   0x000023fc       0x60 c:/program files (x86)/cypress/psoc creator/4.3/psoc creator/import/gnu/arm/5.4.1/bin/../lib/gcc/arm-none-eabi/5.4.1/../../../../arm-none-eabi/lib/armv7-m\libg_nano.a(lib_a-nano-vfprintf_i.o)
 .debug_frame   0x0000245c       0x28 c:/program files (x86)/cypress/psoc creator/4.3/psoc creator/import/gnu/arm/5.4.1/bin/../lib/gcc/arm-none-eabi/5.4.1/../../../../arm-none-eabi/lib/armv7-m\libg_nano.a(lib_a-memchr-stub.o)
 .debug_frame   0x00002484       0x28 c:/program files (x86)/cypress/psoc creator/4.3/psoc creator/import/gnu/arm/5.4.1/bin/../lib/gcc/arm-none-eabi/5.4.1/../../../../arm-none-eabi/lib/armv7-m\libg_nano.a(lib_a-memmove.o)
 .debug_frame   0x000024ac       0x38 c:/program files (x86)/cypress/psoc creator/4.3/psoc creator/import/gnu/arm/5.4.1/bin/../lib/gcc/arm-none-eabi/5.4.1/../../../../arm-none-eabi/lib/armv7-m\libg_nano.a(lib_a-nano-freer.o)
 .debug_frame   0x000024e4       0x2c c:/program files (x86)/cypress/psoc creator/4.3/psoc creator/import/gnu/arm/5.4.1/bin/../lib/gcc/arm-none-eabi/5.4.1/../../../../arm-none-eabi/lib/armv7-m\libg_nano.a(lib_a-nano-mallocr.o)
 .debug_frame   0x00002510       0x3c c:/program files (x86)/cypress/psoc creator/4.3/psoc creator/import/gnu/arm/5.4.1/bin/../lib/gcc/arm-none-eabi/5.4.1/../../../../arm-none-eabi/lib/armv7-m\libg_nano.a(lib_a-nano-reallocr.o)
 .debug_frame   0x0000254c       0x2c c:/program files (x86)/cypress/psoc creator/4.3/psoc creator/import/gnu/arm/5.4.1/bin/../lib/gcc/arm-none-eabi/5.4.1/../../../../arm-none-eabi/lib/armv7-m\libg_nano.a(lib_a-sbrkr.o)
 .debug_frame   0x00002578       0x30 c:/program files (x86)/cypress/psoc creator/4.3/psoc creator/import/gnu/arm/5.4.1/bin/../lib/gcc/arm-none-eabi/5.4.1/../../../../arm-none-eabi/lib/armv7-m\libg_nano.a(lib_a-mlock.o)
 .debug_frame   0x000025a8       0x20 c:/program files (x86)/cypress/psoc creator/4.3/psoc creator/import/gnu/arm/5.4.1/bin/../lib/gcc/arm-none-eabi/5.4.1/../../../../arm-none-eabi/lib/armv7-m\libg_nano.a(lib_a-nano-msizer.o)
 .debug_frame   0x000025c8       0x5c c:/program files (x86)/cypress/psoc creator/4.3/psoc creator/import/gnu/arm/5.4.1/bin/../lib/gcc/arm-none-eabi/5.4.1/../../../../arm-none-eabi/lib/armv7-m\libg_nano.a(lib_a-reent.o)

.debug_str      0x00000000     0x2ed3
 *(.debug_str)
 .debug_str     0x00000000      0x233 .\CortexM3\ARM_GCC_541\Debug\Menu_Functions.o
                                0x283 (size before relaxing)
 .debug_str     0x00000233       0xa2 .\CortexM3\ARM_GCC_541\Debug\InterruptRoutines.o
                                0x2a2 (size before relaxing)
 .debug_str     0x000002d5       0x9a .\CortexM3\ARM_GCC_541\Debug\LIS3DH.o
                                0x26c (size before relaxing)
 .debug_str     0x0000036f      0x1bf .\CortexM3\ARM_GCC_541\Debug\SPI_Interface.o
                                0x3f8 (size before relaxing)
 .debug_str     0x0000052e       0x9b .\CortexM3\ARM_GCC_541\Debug\25LC256.o
                                0x2e4 (size before relaxing)
 .debug_str     0x000005c9       0xe5 .\CortexM3\ARM_GCC_541\Debug\main.o
                                0x346 (size before relaxing)
 .debug_str     0x000006ae      0x211 .\CortexM3\ARM_GCC_541\Debug\cyfitter_cfg.o
                                0x3d0 (size before relaxing)
 .debug_str     0x000008bf       0x75 .\CortexM3\ARM_GCC_541\Debug\cymetadata.o
                                0x208 (size before relaxing)
 .debug_str     0x00000934      0x144 .\CortexM3\ARM_GCC_541\Debug\Cm3Start.o
                                0x32e (size before relaxing)
 .debug_str     0x00000a78      0x285 .\CortexM3\ARM_GCC_541\Debug\FIORANI_GARGIULO_IANNUZZI_Project.a(UART.o)
                                0x499 (size before relaxing)
 .debug_str     0x00000cfd      0x2a2 .\CortexM3\ARM_GCC_541\Debug\FIORANI_GARGIULO_IANNUZZI_Project.a(SPIM_1.o)
                                0x54e (size before relaxing)
 .debug_str     0x00000f9f       0x40 .\CortexM3\ARM_GCC_541\Debug\FIORANI_GARGIULO_IANNUZZI_Project.a(SPIM_1_INT.o)
                                0x2b9 (size before relaxing)
 .debug_str     0x00000fdf       0x5b .\CortexM3\ARM_GCC_541\Debug\FIORANI_GARGIULO_IANNUZZI_Project.a(CS_2.o)
                                0x201 (size before relaxing)
 .debug_str     0x0000103a       0x4b .\CortexM3\ARM_GCC_541\Debug\FIORANI_GARGIULO_IANNUZZI_Project.a(CS_1.o)
                                0x201 (size before relaxing)
 .debug_str     0x00001085      0x47a .\CortexM3\ARM_GCC_541\Debug\FIORANI_GARGIULO_IANNUZZI_Project.a(ADC_DelSig.o)
                                0x70c (size before relaxing)
 .debug_str     0x000014ff       0x68 .\CortexM3\ARM_GCC_541\Debug\FIORANI_GARGIULO_IANNUZZI_Project.a(ADC_DelSig_INT.o)
                                0x207 (size before relaxing)
 .debug_str     0x00001567      0x141 .\CortexM3\ARM_GCC_541\Debug\FIORANI_GARGIULO_IANNUZZI_Project.a(Timer.o)
                                0x319 (size before relaxing)
 .debug_str     0x000016a8      0x24f .\CortexM3\ARM_GCC_541\Debug\FIORANI_GARGIULO_IANNUZZI_Project.a(SPIM_2.o)
                                0x54e (size before relaxing)
 .debug_str     0x000018f7       0x40 .\CortexM3\ARM_GCC_541\Debug\FIORANI_GARGIULO_IANNUZZI_Project.a(SPIM_2_INT.o)
                                0x2b9 (size before relaxing)
 .debug_str     0x00001937       0x50 .\CortexM3\ARM_GCC_541\Debug\FIORANI_GARGIULO_IANNUZZI_Project.a(INT_1.o)
                                0x206 (size before relaxing)
 .debug_str     0x00001987      0x181 .\CortexM3\ARM_GCC_541\Debug\FIORANI_GARGIULO_IANNUZZI_Project.a(UART_IntClock.o)
                                0x35a (size before relaxing)
 .debug_str     0x00001b08      0x14c .\CortexM3\ARM_GCC_541\Debug\FIORANI_GARGIULO_IANNUZZI_Project.a(SPIM_1_IntClock.o)
                                0x372 (size before relaxing)
 .debug_str     0x00001c54       0x7b .\CortexM3\ARM_GCC_541\Debug\FIORANI_GARGIULO_IANNUZZI_Project.a(ADC_DelSig_AMux.o)
                                0x254 (size before relaxing)
 .debug_str     0x00001ccf      0x170 .\CortexM3\ARM_GCC_541\Debug\FIORANI_GARGIULO_IANNUZZI_Project.a(ADC_DelSig_Ext_CP_Clk.o)
                                0x3ba (size before relaxing)
 .debug_str     0x00001e3f      0x1a3 .\CortexM3\ARM_GCC_541\Debug\FIORANI_GARGIULO_IANNUZZI_Project.a(ADC_DelSig_theACLK.o)
                                0x3e7 (size before relaxing)
 .debug_str     0x00001fe2      0x14c .\CortexM3\ARM_GCC_541\Debug\FIORANI_GARGIULO_IANNUZZI_Project.a(SPIM_2_IntClock.o)
                                0x372 (size before relaxing)
 .debug_str     0x0000212e      0x7e0 .\CortexM3\ARM_GCC_541\Debug\FIORANI_GARGIULO_IANNUZZI_Project.a(CyLib.o)
                                0xa6b (size before relaxing)
 .debug_str     0x0000290e      0x365 .\CortexM3\ARM_GCC_541\Debug\FIORANI_GARGIULO_IANNUZZI_Project.a(cyPm.o)
                                0x757 (size before relaxing)
 .debug_str     0x00002c73      0x1b4 .\CortexM3\ARM_GCC_541\Debug\FIORANI_GARGIULO_IANNUZZI_Project.a(CyFlash.o)
                                0x3e4 (size before relaxing)
 .debug_str     0x00002e27       0xac .\CortexM3\ARM_GCC_541\Debug\FIORANI_GARGIULO_IANNUZZI_Project.a(CySpc.o)
                                0x35c (size before relaxing)

.debug_loc      0x00000000     0x39c5
 *(.debug_loc)
 .debug_loc     0x00000000      0x172 .\CortexM3\ARM_GCC_541\Debug\LIS3DH.o
 .debug_loc     0x00000172      0x2d8 .\CortexM3\ARM_GCC_541\Debug\SPI_Interface.o
 .debug_loc     0x0000044a      0x15a .\CortexM3\ARM_GCC_541\Debug\25LC256.o
 .debug_loc     0x000005a4      0x45d .\CortexM3\ARM_GCC_541\Debug\main.o
 .debug_loc     0x00000a01      0x2cb .\CortexM3\ARM_GCC_541\Debug\cyfitter_cfg.o
 .debug_loc     0x00000ccc      0x144 .\CortexM3\ARM_GCC_541\Debug\Cm3Start.o
 .debug_loc     0x00000e10      0x258 .\CortexM3\ARM_GCC_541\Debug\FIORANI_GARGIULO_IANNUZZI_Project.a(UART.o)
 .debug_loc     0x00001068      0x20d .\CortexM3\ARM_GCC_541\Debug\FIORANI_GARGIULO_IANNUZZI_Project.a(SPIM_1.o)
 .debug_loc     0x00001275       0x74 .\CortexM3\ARM_GCC_541\Debug\FIORANI_GARGIULO_IANNUZZI_Project.a(SPIM_1_INT.o)
 .debug_loc     0x000012e9       0x42 .\CortexM3\ARM_GCC_541\Debug\FIORANI_GARGIULO_IANNUZZI_Project.a(CS_2.o)
 .debug_loc     0x0000132b       0x42 .\CortexM3\ARM_GCC_541\Debug\FIORANI_GARGIULO_IANNUZZI_Project.a(CS_1.o)
 .debug_loc     0x0000136d      0x68c .\CortexM3\ARM_GCC_541\Debug\FIORANI_GARGIULO_IANNUZZI_Project.a(ADC_DelSig.o)
 .debug_loc     0x000019f9      0x20d .\CortexM3\ARM_GCC_541\Debug\FIORANI_GARGIULO_IANNUZZI_Project.a(SPIM_2.o)
 .debug_loc     0x00001c06       0x74 .\CortexM3\ARM_GCC_541\Debug\FIORANI_GARGIULO_IANNUZZI_Project.a(SPIM_2_INT.o)
 .debug_loc     0x00001c7a       0x42 .\CortexM3\ARM_GCC_541\Debug\FIORANI_GARGIULO_IANNUZZI_Project.a(INT_1.o)
 .debug_loc     0x00001cbc      0x128 .\CortexM3\ARM_GCC_541\Debug\FIORANI_GARGIULO_IANNUZZI_Project.a(UART_IntClock.o)
 .debug_loc     0x00001de4      0x128 .\CortexM3\ARM_GCC_541\Debug\FIORANI_GARGIULO_IANNUZZI_Project.a(SPIM_1_IntClock.o)
 .debug_loc     0x00001f0c       0x6c .\CortexM3\ARM_GCC_541\Debug\FIORANI_GARGIULO_IANNUZZI_Project.a(ADC_DelSig_AMux.o)
 .debug_loc     0x00001f78      0x12c .\CortexM3\ARM_GCC_541\Debug\FIORANI_GARGIULO_IANNUZZI_Project.a(ADC_DelSig_Ext_CP_Clk.o)
 .debug_loc     0x000020a4      0x14d .\CortexM3\ARM_GCC_541\Debug\FIORANI_GARGIULO_IANNUZZI_Project.a(ADC_DelSig_theACLK.o)
 .debug_loc     0x000021f1      0x128 .\CortexM3\ARM_GCC_541\Debug\FIORANI_GARGIULO_IANNUZZI_Project.a(SPIM_2_IntClock.o)
 .debug_loc     0x00002319      0xa11 .\CortexM3\ARM_GCC_541\Debug\FIORANI_GARGIULO_IANNUZZI_Project.a(CyLib.o)
 .debug_loc     0x00002d2a      0x1e4 .\CortexM3\ARM_GCC_541\Debug\FIORANI_GARGIULO_IANNUZZI_Project.a(cyPm.o)
 .debug_loc     0x00002f0e      0x3b2 .\CortexM3\ARM_GCC_541\Debug\FIORANI_GARGIULO_IANNUZZI_Project.a(CyFlash.o)
 .debug_loc     0x000032c0      0x705 .\CortexM3\ARM_GCC_541\Debug\FIORANI_GARGIULO_IANNUZZI_Project.a(CySpc.o)

.debug_macinfo
 *(.debug_macinfo)

.debug_ranges   0x00000000      0xc10
 *(.debug_ranges)
 .debug_ranges  0x00000000       0x10 .\CortexM3\ARM_GCC_541\Debug\Menu_Functions.o
 .debug_ranges  0x00000010       0x18 .\CortexM3\ARM_GCC_541\Debug\InterruptRoutines.o
 .debug_ranges  0x00000028       0x28 .\CortexM3\ARM_GCC_541\Debug\LIS3DH.o
 .debug_ranges  0x00000050       0x40 .\CortexM3\ARM_GCC_541\Debug\SPI_Interface.o
 .debug_ranges  0x00000090       0x40 .\CortexM3\ARM_GCC_541\Debug\25LC256.o
 .debug_ranges  0x000000d0       0x10 .\CortexM3\ARM_GCC_541\Debug\main.o
 .debug_ranges  0x000000e0       0x58 .\CortexM3\ARM_GCC_541\Debug\cyfitter_cfg.o
 .debug_ranges  0x00000138       0x38 .\CortexM3\ARM_GCC_541\Debug\Cm3Start.o
 .debug_ranges  0x00000170       0xe0 .\CortexM3\ARM_GCC_541\Debug\FIORANI_GARGIULO_IANNUZZI_Project.a(UART.o)
 .debug_ranges  0x00000250       0xc8 .\CortexM3\ARM_GCC_541\Debug\FIORANI_GARGIULO_IANNUZZI_Project.a(SPIM_1.o)
 .debug_ranges  0x00000318       0x18 .\CortexM3\ARM_GCC_541\Debug\FIORANI_GARGIULO_IANNUZZI_Project.a(SPIM_1_INT.o)
 .debug_ranges  0x00000330       0x28 .\CortexM3\ARM_GCC_541\Debug\FIORANI_GARGIULO_IANNUZZI_Project.a(CS_2.o)
 .debug_ranges  0x00000358       0x28 .\CortexM3\ARM_GCC_541\Debug\FIORANI_GARGIULO_IANNUZZI_Project.a(CS_1.o)
 .debug_ranges  0x00000380       0xd8 .\CortexM3\ARM_GCC_541\Debug\FIORANI_GARGIULO_IANNUZZI_Project.a(ADC_DelSig.o)
 .debug_ranges  0x00000458       0x28 .\CortexM3\ARM_GCC_541\Debug\FIORANI_GARGIULO_IANNUZZI_Project.a(ADC_DelSig_INT.o)
 .debug_ranges  0x00000480       0x78 .\CortexM3\ARM_GCC_541\Debug\FIORANI_GARGIULO_IANNUZZI_Project.a(Timer.o)
 .debug_ranges  0x000004f8       0xc8 .\CortexM3\ARM_GCC_541\Debug\FIORANI_GARGIULO_IANNUZZI_Project.a(SPIM_2.o)
 .debug_ranges  0x000005c0       0x18 .\CortexM3\ARM_GCC_541\Debug\FIORANI_GARGIULO_IANNUZZI_Project.a(SPIM_2_INT.o)
 .debug_ranges  0x000005d8       0x28 .\CortexM3\ARM_GCC_541\Debug\FIORANI_GARGIULO_IANNUZZI_Project.a(INT_1.o)
 .debug_ranges  0x00000600       0x60 .\CortexM3\ARM_GCC_541\Debug\FIORANI_GARGIULO_IANNUZZI_Project.a(UART_IntClock.o)
 .debug_ranges  0x00000660       0x60 .\CortexM3\ARM_GCC_541\Debug\FIORANI_GARGIULO_IANNUZZI_Project.a(SPIM_1_IntClock.o)
 .debug_ranges  0x000006c0       0x20 .\CortexM3\ARM_GCC_541\Debug\FIORANI_GARGIULO_IANNUZZI_Project.a(ADC_DelSig_AMux.o)
 .debug_ranges  0x000006e0       0x60 .\CortexM3\ARM_GCC_541\Debug\FIORANI_GARGIULO_IANNUZZI_Project.a(ADC_DelSig_Ext_CP_Clk.o)
 .debug_ranges  0x00000740       0x70 .\CortexM3\ARM_GCC_541\Debug\FIORANI_GARGIULO_IANNUZZI_Project.a(ADC_DelSig_theACLK.o)
 .debug_ranges  0x000007b0       0x60 .\CortexM3\ARM_GCC_541\Debug\FIORANI_GARGIULO_IANNUZZI_Project.a(SPIM_2_IntClock.o)
 .debug_ranges  0x00000810      0x290 .\CortexM3\ARM_GCC_541\Debug\FIORANI_GARGIULO_IANNUZZI_Project.a(CyLib.o)
 .debug_ranges  0x00000aa0       0x88 .\CortexM3\ARM_GCC_541\Debug\FIORANI_GARGIULO_IANNUZZI_Project.a(cyPm.o)
 .debug_ranges  0x00000b28       0x78 .\CortexM3\ARM_GCC_541\Debug\FIORANI_GARGIULO_IANNUZZI_Project.a(CyFlash.o)
 .debug_ranges  0x00000ba0       0x70 .\CortexM3\ARM_GCC_541\Debug\FIORANI_GARGIULO_IANNUZZI_Project.a(CySpc.o)

.comment        0x00000000       0x6e
 .comment       0x00000000       0x6e .\CortexM3\ARM_GCC_541\Debug\Menu_Functions.o
                                 0x6f (size before relaxing)
 .comment       0x0000006e       0x6f .\CortexM3\ARM_GCC_541\Debug\InterruptRoutines.o
 .comment       0x0000006e       0x6f .\CortexM3\ARM_GCC_541\Debug\LIS3DH.o
 .comment       0x0000006e       0x6f .\CortexM3\ARM_GCC_541\Debug\SPI_Interface.o
 .comment       0x0000006e       0x6f .\CortexM3\ARM_GCC_541\Debug\25LC256.o
 .comment       0x0000006e       0x6f .\CortexM3\ARM_GCC_541\Debug\main.o
 .comment       0x0000006e       0x6f .\CortexM3\ARM_GCC_541\Debug\cyfitter_cfg.o
 .comment       0x0000006e       0x6f .\CortexM3\ARM_GCC_541\Debug\cymetadata.o
 .comment       0x0000006e       0x6f .\CortexM3\ARM_GCC_541\Debug\Cm3Start.o
 .comment       0x0000006e       0x6f .\CortexM3\ARM_GCC_541\Debug\FIORANI_GARGIULO_IANNUZZI_Project.a(UART.o)
 .comment       0x0000006e       0x6f .\CortexM3\ARM_GCC_541\Debug\FIORANI_GARGIULO_IANNUZZI_Project.a(SPIM_1.o)
 .comment       0x0000006e       0x6f .\CortexM3\ARM_GCC_541\Debug\FIORANI_GARGIULO_IANNUZZI_Project.a(SPIM_1_INT.o)
 .comment       0x0000006e       0x6f .\CortexM3\ARM_GCC_541\Debug\FIORANI_GARGIULO_IANNUZZI_Project.a(CS_2.o)
 .comment       0x0000006e       0x6f .\CortexM3\ARM_GCC_541\Debug\FIORANI_GARGIULO_IANNUZZI_Project.a(CS_1.o)
 .comment       0x0000006e       0x6f .\CortexM3\ARM_GCC_541\Debug\FIORANI_GARGIULO_IANNUZZI_Project.a(ADC_DelSig.o)
 .comment       0x0000006e       0x6f .\CortexM3\ARM_GCC_541\Debug\FIORANI_GARGIULO_IANNUZZI_Project.a(ADC_DelSig_INT.o)
 .comment       0x0000006e       0x6f .\CortexM3\ARM_GCC_541\Debug\FIORANI_GARGIULO_IANNUZZI_Project.a(Timer.o)
 .comment       0x0000006e       0x6f .\CortexM3\ARM_GCC_541\Debug\FIORANI_GARGIULO_IANNUZZI_Project.a(SPIM_2.o)
 .comment       0x0000006e       0x6f .\CortexM3\ARM_GCC_541\Debug\FIORANI_GARGIULO_IANNUZZI_Project.a(SPIM_2_INT.o)
 .comment       0x0000006e       0x6f .\CortexM3\ARM_GCC_541\Debug\FIORANI_GARGIULO_IANNUZZI_Project.a(INT_1.o)
 .comment       0x0000006e       0x6f .\CortexM3\ARM_GCC_541\Debug\FIORANI_GARGIULO_IANNUZZI_Project.a(UART_IntClock.o)
 .comment       0x0000006e       0x6f .\CortexM3\ARM_GCC_541\Debug\FIORANI_GARGIULO_IANNUZZI_Project.a(SPIM_1_IntClock.o)
 .comment       0x0000006e       0x6f .\CortexM3\ARM_GCC_541\Debug\FIORANI_GARGIULO_IANNUZZI_Project.a(ADC_DelSig_AMux.o)
 .comment       0x0000006e       0x6f .\CortexM3\ARM_GCC_541\Debug\FIORANI_GARGIULO_IANNUZZI_Project.a(ADC_DelSig_Ext_CP_Clk.o)
 .comment       0x0000006e       0x6f .\CortexM3\ARM_GCC_541\Debug\FIORANI_GARGIULO_IANNUZZI_Project.a(ADC_DelSig_theACLK.o)
 .comment       0x0000006e       0x6f .\CortexM3\ARM_GCC_541\Debug\FIORANI_GARGIULO_IANNUZZI_Project.a(SPIM_2_IntClock.o)
 .comment       0x0000006e       0x6f .\CortexM3\ARM_GCC_541\Debug\FIORANI_GARGIULO_IANNUZZI_Project.a(CyLib.o)
 .comment       0x0000006e       0x6f .\CortexM3\ARM_GCC_541\Debug\FIORANI_GARGIULO_IANNUZZI_Project.a(cyPm.o)
 .comment       0x0000006e       0x6f .\CortexM3\ARM_GCC_541\Debug\FIORANI_GARGIULO_IANNUZZI_Project.a(CyFlash.o)
 .comment       0x0000006e       0x6f .\CortexM3\ARM_GCC_541\Debug\FIORANI_GARGIULO_IANNUZZI_Project.a(CySpc.o)

.debug_weaknames
 *(.debug_weaknames)

.debug_funcnames
 *(.debug_funcnames)

.debug_typenames
 *(.debug_typenames)

.debug_varnames
 *(.debug_varnames)

.note.gnu.arm.ident
 *(.note.gnu.arm.ident)

.ARM.attributes
                0x00000000       0x29
 *(.ARM.attributes)
 .ARM.attributes
                0x00000000       0x1d c:/program files (x86)/cypress/psoc creator/4.3/psoc creator/import/gnu/arm/5.4.1/bin/../lib/gcc/arm-none-eabi/5.4.1/armv7-m/crti.o
 .ARM.attributes
                0x0000001d       0x2d c:/program files (x86)/cypress/psoc creator/4.3/psoc creator/import/gnu/arm/5.4.1/bin/../lib/gcc/arm-none-eabi/5.4.1/armv7-m/crtbegin.o
 .ARM.attributes
                0x0000004a       0x1b c:/program files (x86)/cypress/psoc creator/4.3/psoc creator/import/gnu/arm/5.4.1/bin/../lib/gcc/arm-none-eabi/5.4.1/../../../../arm-none-eabi/lib/armv7-m/crt0.o
 .ARM.attributes
                0x00000065       0x33 .\CortexM3\ARM_GCC_541\Debug\Menu_Functions.o
 .ARM.attributes
                0x00000098       0x33 .\CortexM3\ARM_GCC_541\Debug\InterruptRoutines.o
 .ARM.attributes
                0x000000cb       0x33 .\CortexM3\ARM_GCC_541\Debug\LIS3DH.o
 .ARM.attributes
                0x000000fe       0x33 .\CortexM3\ARM_GCC_541\Debug\SPI_Interface.o
 .ARM.attributes
                0x00000131       0x33 .\CortexM3\ARM_GCC_541\Debug\25LC256.o
 .ARM.attributes
                0x00000164       0x33 .\CortexM3\ARM_GCC_541\Debug\main.o
 .ARM.attributes
                0x00000197       0x33 .\CortexM3\ARM_GCC_541\Debug\cyfitter_cfg.o
 .ARM.attributes
                0x000001ca       0x33 .\CortexM3\ARM_GCC_541\Debug\cymetadata.o
 .ARM.attributes
                0x000001fd       0x33 .\CortexM3\ARM_GCC_541\Debug\Cm3Start.o
 .ARM.attributes
                0x00000230       0x33 .\CortexM3\ARM_GCC_541\Debug\FIORANI_GARGIULO_IANNUZZI_Project.a(UART.o)
 .ARM.attributes
                0x00000263       0x33 .\CortexM3\ARM_GCC_541\Debug\FIORANI_GARGIULO_IANNUZZI_Project.a(SPIM_1.o)
 .ARM.attributes
                0x00000296       0x33 .\CortexM3\ARM_GCC_541\Debug\FIORANI_GARGIULO_IANNUZZI_Project.a(SPIM_1_INT.o)
 .ARM.attributes
                0x000002c9       0x33 .\CortexM3\ARM_GCC_541\Debug\FIORANI_GARGIULO_IANNUZZI_Project.a(CS_2.o)
 .ARM.attributes
                0x000002fc       0x33 .\CortexM3\ARM_GCC_541\Debug\FIORANI_GARGIULO_IANNUZZI_Project.a(CS_1.o)
 .ARM.attributes
                0x0000032f       0x33 .\CortexM3\ARM_GCC_541\Debug\FIORANI_GARGIULO_IANNUZZI_Project.a(ADC_DelSig.o)
 .ARM.attributes
                0x00000362       0x33 .\CortexM3\ARM_GCC_541\Debug\FIORANI_GARGIULO_IANNUZZI_Project.a(ADC_DelSig_INT.o)
 .ARM.attributes
                0x00000395       0x33 .\CortexM3\ARM_GCC_541\Debug\FIORANI_GARGIULO_IANNUZZI_Project.a(Timer.o)
 .ARM.attributes
                0x000003c8       0x33 .\CortexM3\ARM_GCC_541\Debug\FIORANI_GARGIULO_IANNUZZI_Project.a(SPIM_2.o)
 .ARM.attributes
                0x000003fb       0x33 .\CortexM3\ARM_GCC_541\Debug\FIORANI_GARGIULO_IANNUZZI_Project.a(SPIM_2_INT.o)
 .ARM.attributes
                0x0000042e       0x33 .\CortexM3\ARM_GCC_541\Debug\FIORANI_GARGIULO_IANNUZZI_Project.a(INT_1.o)
 .ARM.attributes
                0x00000461       0x33 .\CortexM3\ARM_GCC_541\Debug\FIORANI_GARGIULO_IANNUZZI_Project.a(UART_IntClock.o)
 .ARM.attributes
                0x00000494       0x33 .\CortexM3\ARM_GCC_541\Debug\FIORANI_GARGIULO_IANNUZZI_Project.a(SPIM_1_IntClock.o)
 .ARM.attributes
                0x000004c7       0x33 .\CortexM3\ARM_GCC_541\Debug\FIORANI_GARGIULO_IANNUZZI_Project.a(ADC_DelSig_AMux.o)
 .ARM.attributes
                0x000004fa       0x33 .\CortexM3\ARM_GCC_541\Debug\FIORANI_GARGIULO_IANNUZZI_Project.a(ADC_DelSig_Ext_CP_Clk.o)
 .ARM.attributes
                0x0000052d       0x33 .\CortexM3\ARM_GCC_541\Debug\FIORANI_GARGIULO_IANNUZZI_Project.a(ADC_DelSig_theACLK.o)
 .ARM.attributes
                0x00000560       0x33 .\CortexM3\ARM_GCC_541\Debug\FIORANI_GARGIULO_IANNUZZI_Project.a(SPIM_2_IntClock.o)
 .ARM.attributes
                0x00000593       0x33 .\CortexM3\ARM_GCC_541\Debug\FIORANI_GARGIULO_IANNUZZI_Project.a(CyLib.o)
 .ARM.attributes
                0x000005c6       0x33 .\CortexM3\ARM_GCC_541\Debug\FIORANI_GARGIULO_IANNUZZI_Project.a(cyPm.o)
 .ARM.attributes
                0x000005f9       0x21 .\CortexM3\ARM_GCC_541\Debug\FIORANI_GARGIULO_IANNUZZI_Project.a(CyBootAsmGnu.o)
 .ARM.attributes
                0x0000061a       0x33 .\CortexM3\ARM_GCC_541\Debug\FIORANI_GARGIULO_IANNUZZI_Project.a(CyFlash.o)
 .ARM.attributes
                0x0000064d       0x33 .\CortexM3\ARM_GCC_541\Debug\FIORANI_GARGIULO_IANNUZZI_Project.a(CySpc.o)
 .ARM.attributes
                0x00000680       0x1d c:/program files (x86)/cypress/psoc creator/4.3/psoc creator/import/gnu/arm/5.4.1/bin/../lib/gcc/arm-none-eabi/5.4.1/armv7-m\libgcc.a(_arm_addsubdf3.o)
 .ARM.attributes
                0x0000069d       0x1d c:/program files (x86)/cypress/psoc creator/4.3/psoc creator/import/gnu/arm/5.4.1/bin/../lib/gcc/arm-none-eabi/5.4.1/armv7-m\libgcc.a(_arm_cmpdf2.o)
 .ARM.attributes
                0x000006ba       0x1d c:/program files (x86)/cypress/psoc creator/4.3/psoc creator/import/gnu/arm/5.4.1/bin/../lib/gcc/arm-none-eabi/5.4.1/armv7-m\libgcc.a(_arm_addsubsf3.o)
 .ARM.attributes
                0x000006d7       0x1d c:/program files (x86)/cypress/psoc creator/4.3/psoc creator/import/gnu/arm/5.4.1/bin/../lib/gcc/arm-none-eabi/5.4.1/armv7-m\libgcc.a(_arm_muldivsf3.o)
 .ARM.attributes
                0x000006f4       0x1d c:/program files (x86)/cypress/psoc creator/4.3/psoc creator/import/gnu/arm/5.4.1/bin/../lib/gcc/arm-none-eabi/5.4.1/armv7-m\libgcc.a(_arm_fixunssfsi.o)
 .ARM.attributes
                0x00000711       0x2d c:/program files (x86)/cypress/psoc creator/4.3/psoc creator/import/gnu/arm/5.4.1/bin/../lib/gcc/arm-none-eabi/5.4.1/../../../../arm-none-eabi/lib/armv7-m\libg_nano.a(lib_a-errno.o)
 .ARM.attributes
                0x0000073e       0x2d c:/program files (x86)/cypress/psoc creator/4.3/psoc creator/import/gnu/arm/5.4.1/bin/../lib/gcc/arm-none-eabi/5.4.1/../../../../arm-none-eabi/lib/armv7-m\libg_nano.a(lib_a-exit.o)
 .ARM.attributes
                0x0000076b       0x2d c:/program files (x86)/cypress/psoc creator/4.3/psoc creator/import/gnu/arm/5.4.1/bin/../lib/gcc/arm-none-eabi/5.4.1/../../../../arm-none-eabi/lib/armv7-m\libg_nano.a(lib_a-impure.o)
 .ARM.attributes
                0x00000798       0x2d c:/program files (x86)/cypress/psoc creator/4.3/psoc creator/import/gnu/arm/5.4.1/bin/../lib/gcc/arm-none-eabi/5.4.1/../../../../arm-none-eabi/lib/armv7-m\libg_nano.a(lib_a-init.o)
 .ARM.attributes
                0x000007c5       0x2d c:/program files (x86)/cypress/psoc creator/4.3/psoc creator/import/gnu/arm/5.4.1/bin/../lib/gcc/arm-none-eabi/5.4.1/../../../../arm-none-eabi/lib/armv7-m\libg_nano.a(lib_a-memcpy-stub.o)
 .ARM.attributes
                0x000007f2       0x2d c:/program files (x86)/cypress/psoc creator/4.3/psoc creator/import/gnu/arm/5.4.1/bin/../lib/gcc/arm-none-eabi/5.4.1/../../../../arm-none-eabi/lib/armv7-m\libg_nano.a(lib_a-memset.o)
 .ARM.attributes
                0x0000081f       0x2d c:/program files (x86)/cypress/psoc creator/4.3/psoc creator/import/gnu/arm/5.4.1/bin/../lib/gcc/arm-none-eabi/5.4.1/../../../../arm-none-eabi/lib/armv7-m\libg_nano.a(lib_a-sprintf.o)
 .ARM.attributes
                0x0000084c       0x2d c:/program files (x86)/cypress/psoc creator/4.3/psoc creator/import/gnu/arm/5.4.1/bin/../lib/gcc/arm-none-eabi/5.4.1/../../../../arm-none-eabi/lib/armv7-m\libg_nano.a(lib_a-nano-svfprintf.o)
 .ARM.attributes
                0x00000879       0x2d c:/program files (x86)/cypress/psoc creator/4.3/psoc creator/import/gnu/arm/5.4.1/bin/../lib/gcc/arm-none-eabi/5.4.1/../../../../arm-none-eabi/lib/armv7-m\libg_nano.a(lib_a-nano-vfprintf_i.o)
 .ARM.attributes
                0x000008a6       0x2d c:/program files (x86)/cypress/psoc creator/4.3/psoc creator/import/gnu/arm/5.4.1/bin/../lib/gcc/arm-none-eabi/5.4.1/../../../../arm-none-eabi/lib/armv7-m\libg_nano.a(lib_a-memchr-stub.o)
 .ARM.attributes
                0x000008d3       0x2d c:/program files (x86)/cypress/psoc creator/4.3/psoc creator/import/gnu/arm/5.4.1/bin/../lib/gcc/arm-none-eabi/5.4.1/../../../../arm-none-eabi/lib/armv7-m\libg_nano.a(lib_a-memmove.o)
 .ARM.attributes
                0x00000900       0x2d c:/program files (x86)/cypress/psoc creator/4.3/psoc creator/import/gnu/arm/5.4.1/bin/../lib/gcc/arm-none-eabi/5.4.1/../../../../arm-none-eabi/lib/armv7-m\libg_nano.a(lib_a-nano-freer.o)
 .ARM.attributes
                0x0000092d       0x2d c:/program files (x86)/cypress/psoc creator/4.3/psoc creator/import/gnu/arm/5.4.1/bin/../lib/gcc/arm-none-eabi/5.4.1/../../../../arm-none-eabi/lib/armv7-m\libg_nano.a(lib_a-nano-mallocr.o)
 .ARM.attributes
                0x0000095a       0x2d c:/program files (x86)/cypress/psoc creator/4.3/psoc creator/import/gnu/arm/5.4.1/bin/../lib/gcc/arm-none-eabi/5.4.1/../../../../arm-none-eabi/lib/armv7-m\libg_nano.a(lib_a-nano-reallocr.o)
 .ARM.attributes
                0x00000987       0x2d c:/program files (x86)/cypress/psoc creator/4.3/psoc creator/import/gnu/arm/5.4.1/bin/../lib/gcc/arm-none-eabi/5.4.1/../../../../arm-none-eabi/lib/armv7-m\libg_nano.a(lib_a-sbrkr.o)
 .ARM.attributes
                0x000009b4       0x2d c:/program files (x86)/cypress/psoc creator/4.3/psoc creator/import/gnu/arm/5.4.1/bin/../lib/gcc/arm-none-eabi/5.4.1/../../../../arm-none-eabi/lib/armv7-m\libg_nano.a(lib_a-mlock.o)
 .ARM.attributes
                0x000009e1       0x2d c:/program files (x86)/cypress/psoc creator/4.3/psoc creator/import/gnu/arm/5.4.1/bin/../lib/gcc/arm-none-eabi/5.4.1/../../../../arm-none-eabi/lib/armv7-m\libg_nano.a(lib_a-nano-msizer.o)
 .ARM.attributes
                0x00000a0e       0x2d c:/program files (x86)/cypress/psoc creator/4.3/psoc creator/import/gnu/arm/5.4.1/bin/../lib/gcc/arm-none-eabi/5.4.1/../../../../arm-none-eabi/lib/armv7-m\libg_nano.a(lib_a-reent.o)
 .ARM.attributes
                0x00000a3b       0x2d c:/program files (x86)/cypress/psoc creator/4.3/psoc creator/import/gnu/arm/5.4.1/bin/../lib/gcc/arm-none-eabi/5.4.1/armv7-m/crtend.o
 .ARM.attributes
                0x00000a68       0x1d c:/program files (x86)/cypress/psoc creator/4.3/psoc creator/import/gnu/arm/5.4.1/bin/../lib/gcc/arm-none-eabi/5.4.1/armv7-m/crtn.o

/DISCARD/
 *(.note.GNU-stack)
OUTPUT(C:\Users\gaeta\Documents\PSoC Creator\PsoC_Final_Project_1_03\FIORANI_GARGIULO_IANNUZZI_Project.cydsn\CortexM3\ARM_GCC_541\Debug\FIORANI_GARGIULO_IANNUZZI_Project.elf elf32-littlearm)
